[     603ms] ReferenceError: Live2DCubismCore is not defined
    at http://localhost:8083/SKYNovel_gallery/src/plugin/live2d_layer/framework/model/cubismmodel.ts:13:59
    at http://localhost:8083/SKYNovel_gallery/src/plugin/live2d_layer/framework/model/cubismmodel.ts:33:2
[   54541ms] [LOG] Live2D Cubism SDK Core Version 5.0.0 @ http://localhost:8083/SKYNovel_gallery/plugin_lib/live2dcubismcore.min.js:8
[   54543ms] TypeError: Cannot read properties of undefined (reading 'byteLength')
    at Version.csmGetMocVersion (http://localhost:8083/SKYNovel_gallery/plugin_lib/live2dcubismcore.min.js:9:6249)
    at CubismMoc.create (http://localhost:8083/SKYNovel_gallery/src/plugin/live2d_layer/framework/model/cubismmoc.ts:37:53)
    at Live2DModel.loadModel (http://localhost:8083/SKYNovel_gallery/src/plugin/live2d_layer/framework/model/cubismusermodel.ts:124:25)
    at Live2DModel.load (http://localhost:8083/SKYNovel_gallery/src/plugin/live2d_layer/Live2DLayer.ts:33:8)
[   58464ms] [LOG] Live2D Cubism SDK Core Version 5.0.0 @ http://localhost:8083/SKYNovel_gallery/plugin_lib/live2dcubismcore.min.js:8
[   58465ms] TypeError: Cannot read properties of undefined (reading 'byteLength')
    at Version.csmGetMocVersion (http://localhost:8083/SKYNovel_gallery/plugin_lib/live2dcubismcore.min.js:9:6249)
    at CubismMoc.create (http://localhost:8083/SKYNovel_gallery/src/plugin/live2d_layer/framework/model/cubismmoc.ts:37:53)
    at Live2DModel.loadModel (http://localhost:8083/SKYNovel_gallery/src/plugin/live2d_layer/framework/model/cubismusermodel.ts:124:25)
    at Live2DModel.load (http://localhost:8083/SKYNovel_gallery/src/plugin/live2d_layer/Live2DLayer.ts:33:8)
[  144767ms] [LOG] Live2D Cubism SDK Core Version 6.0.1 @ http://localhost:8083/SKYNovel_gallery/plugin_lib/live2dcubismcore.min.js:8
[  144927ms] [LOG] [CSM][W]Shader program is not initialized.
 @ http://localhost:8083/SKYNovel_gallery/src/plugin/live2d_layer/Live2DLayer.ts:168
[  144928ms] [LOG] [CSM][W]Shader program is not initialized.
 @ http://localhost:8083/SKYNovel_gallery/src/plugin/live2d_layer/Live2DLayer.ts:168
[  144929ms] [LOG] [CSM][W]Shader program is not initialized.
 @ http://localhost:8083/SKYNovel_gallery/src/plugin/live2d_layer/Live2DLayer.ts:168
[  144929ms] [LOG] [CSM][W]Shader program is not initialized.
 @ http://localhost:8083/SKYNovel_gallery/src/plugin/live2d_layer/Live2DLayer.ts:168
[  144929ms] [LOG] [CSM][W]Shader program is not initialized.
 @ http://localhost:8083/SKYNovel_gallery/src/plugin/live2d_layer/Live2DLayer.ts:168
[  144929ms] [LOG] [CSM][W]Shader program is not initialized.
 @ http://localhost:8083/SKYNovel_gallery/src/plugin/live2d_layer/Live2DLayer.ts:168
[  144929ms] [LOG] [CSM][W]Shader program is not initialized.
 @ http://localhost:8083/SKYNovel_gallery/src/plugin/live2d_layer/Live2DLayer.ts:168
[  144929ms] [LOG] [CSM][W]Shader program is not initialized.
 @ http://localhost:8083/SKYNovel_gallery/src/plugin/live2d_layer/Live2DLayer.ts:168
[  144929ms] [LOG] [CSM][W]Shader program is not initialized.
 @ http://localhost:8083/SKYNovel_gallery/src/plugin/live2d_layer/Live2DLayer.ts:168
[  144929ms] [LOG] [CSM][W]Shader program is not initialized.
 @ http://localhost:8083/SKYNovel_gallery/src/plugin/live2d_layer/Live2DLayer.ts:168
[  144929ms] [LOG] [CSM][W]Shader program is not initialized.
 @ http://localhost:8083/SKYNovel_gallery/src/plugin/live2d_layer/Live2DLayer.ts:168
[  144929ms] [LOG] [CSM][W]Shader program is not initialized.
 @ http://localhost:8083/SKYNovel_gallery/src/plugin/live2d_layer/Live2DLayer.ts:168
[  144929ms] [LOG] [CSM][W]Shader program is not initialized.
 @ http://localhost:8083/SKYNovel_gallery/src/plugin/live2d_layer/Live2DLayer.ts:168
[  144929ms] [LOG] [CSM][W]Shader program is not initialized.
 @ http://localhost:8083/SKYNovel_gallery/src/plugin/live2d_layer/Live2DLayer.ts:168
[  144929ms] [LOG] [CSM][W]Shader program is not initialized.
 @ http://localhost:8083/SKYNovel_gallery/src/plugin/live2d_layer/Live2DLayer.ts:168
[  144929ms] [LOG] [CSM][W]Shader program is not initialized.
 @ http://localhost:8083/SKYNovel_gallery/src/plugin/live2d_layer/Live2DLayer.ts:168
[  144929ms] [LOG] [CSM][W]Shader program is not initialized.
 @ http://localhost:8083/SKYNovel_gallery/src/plugin/live2d_layer/Live2DLayer.ts:168
[  144929ms] [LOG] [CSM][W]Shader program is not initialized.
 @ http://localhost:8083/SKYNovel_gallery/src/plugin/live2d_layer/Live2DLayer.ts:168
[  144930ms] [LOG] [CSM][W]Shader program is not initialized.
 @ http://localhost:8083/SKYNovel_gallery/src/plugin/live2d_layer/Live2DLayer.ts:168
[  144930ms] [LOG] [CSM][W]Shader program is not initialized.
 @ http://localhost:8083/SKYNovel_gallery/src/plugin/live2d_layer/Live2DLayer.ts:168
[  144930ms] [LOG] [CSM][W]Shader program is not initialized.
 @ http://localhost:8083/SKYNovel_gallery/src/plugin/live2d_layer/Live2DLayer.ts:168
[  144930ms] [LOG] [CSM][W]Shader program is not initialized.
 @ http://localhost:8083/SKYNovel_gallery/src/plugin/live2d_layer/Live2DLayer.ts:168
[  144930ms] [LOG] [CSM][W]Shader program is not initialized.
 @ http://localhost:8083/SKYNovel_gallery/src/plugin/live2d_layer/Live2DLayer.ts:168
[  144930ms] [LOG] [CSM][W]Shader program is not initialized.
 @ http://localhost:8083/SKYNovel_gallery/src/plugin/live2d_layer/Live2DLayer.ts:168
[  144930ms] [LOG] [CSM][W]Shader program is not initialized.
 @ http://localhost:8083/SKYNovel_gallery/src/plugin/live2d_layer/Live2DLayer.ts:168
[  144930ms] [LOG] [CSM][W]Shader program is not initialized.
 @ http://localhost:8083/SKYNovel_gallery/src/plugin/live2d_layer/Live2DLayer.ts:168
[  144930ms] [LOG] [CSM][W]Shader program is not initialized.
 @ http://localhost:8083/SKYNovel_gallery/src/plugin/live2d_layer/Live2DLayer.ts:168
[  144930ms] [LOG] [CSM][W]Shader program is not initialized.
 @ http://localhost:8083/SKYNovel_gallery/src/plugin/live2d_layer/Live2DLayer.ts:168
[  144930ms] [LOG] [CSM][W]Shader program is not initialized.
 @ http://localhost:8083/SKYNovel_gallery/src/plugin/live2d_layer/Live2DLayer.ts:168
[  144930ms] [LOG] [CSM][W]Shader program is not initialized.
 @ http://localhost:8083/SKYNovel_gallery/src/plugin/live2d_layer/Live2DLayer.ts:168
[  144930ms] [LOG] [CSM][W]Shader program is not initialized.
 @ http://localhost:8083/SKYNovel_gallery/src/plugin/live2d_layer/Live2DLayer.ts:168
[  144930ms] [LOG] [CSM][W]Shader program is not initialized.
 @ http://localhost:8083/SKYNovel_gallery/src/plugin/live2d_layer/Live2DLayer.ts:168
[  144931ms] [LOG] [CSM][W]Shader program is not initialized.
 @ http://localhost:8083/SKYNovel_gallery/src/plugin/live2d_layer/Live2DLayer.ts:168
[  144931ms] [LOG] [CSM][W]Shader program is not initialized.
 @ http://localhost:8083/SKYNovel_gallery/src/plugin/live2d_layer/Live2DLayer.ts:168
[  144931ms] [LOG] [CSM][W]Shader program is not initialized.
 @ http://localhost:8083/SKYNovel_gallery/src/plugin/live2d_layer/Live2DLayer.ts:168
[  144931ms] [LOG] [CSM][W]Shader program is not initialized.
 @ http://localhost:8083/SKYNovel_gallery/src/plugin/live2d_layer/Live2DLayer.ts:168
[  144931ms] [LOG] [CSM][W]Shader program is not initialized.
 @ http://localhost:8083/SKYNovel_gallery/src/plugin/live2d_layer/Live2DLayer.ts:168
[  144931ms] [LOG] [CSM][W]Shader program is not initialized.
 @ http://localhost:8083/SKYNovel_gallery/src/plugin/live2d_layer/Live2DLayer.ts:168
[  144931ms] [LOG] [CSM][W]Shader program is not initialized.
 @ http://localhost:8083/SKYNovel_gallery/src/plugin/live2d_layer/Live2DLayer.ts:168
[  144931ms] [LOG] [CSM][W]Shader program is not initialized.
 @ http://localhost:8083/SKYNovel_gallery/src/plugin/live2d_layer/Live2DLayer.ts:168
[  144931ms] [LOG] [CSM][W]Shader program is not initialized.
 @ http://localhost:8083/SKYNovel_gallery/src/plugin/live2d_layer/Live2DLayer.ts:168
[  144931ms] [LOG] [CSM][W]Shader program is not initialized.
 @ http://localhost:8083/SKYNovel_gallery/src/plugin/live2d_layer/Live2DLayer.ts:168
[  144931ms] [LOG] [CSM][W]Shader program is not initialized.
 @ http://localhost:8083/SKYNovel_gallery/src/plugin/live2d_layer/Live2DLayer.ts:168
[  144931ms] [LOG] [CSM][W]Shader program is not initialized.
 @ http://localhost:8083/SKYNovel_gallery/src/plugin/live2d_layer/Live2DLayer.ts:168
[  144931ms] [LOG] [CSM][W]Shader program is not initialized.
 @ http://localhost:8083/SKYNovel_gallery/src/plugin/live2d_layer/Live2DLayer.ts:168
[  144931ms] [LOG] [CSM][W]Shader program is not initialized.
 @ http://localhost:8083/SKYNovel_gallery/src/plugin/live2d_layer/Live2DLayer.ts:168
[  144931ms] [LOG] [CSM][W]Shader program is not initialized.
 @ http://localhost:8083/SKYNovel_gallery/src/plugin/live2d_layer/Live2DLayer.ts:168
[  144931ms] [LOG] [CSM][W]Shader program is not initialized.
 @ http://localhost:8083/SKYNovel_gallery/src/plugin/live2d_layer/Live2DLayer.ts:168
[  144931ms] [LOG] [CSM][W]Shader program is not initialized.
 @ http://localhost:8083/SKYNovel_gallery/src/plugin/live2d_layer/Live2DLayer.ts:168
[  144931ms] [LOG] [CSM][W]Shader program is not initialized.
 @ http://localhost:8083/SKYNovel_gallery/src/plugin/live2d_layer/Live2DLayer.ts:168
[  144931ms] [LOG] [CSM][W]Shader program is not initialized.
 @ http://localhost:8083/SKYNovel_gallery/src/plugin/live2d_layer/Live2DLayer.ts:168
[  144931ms] [LOG] [CSM][W]Shader program is not initialized.
 @ http://localhost:8083/SKYNovel_gallery/src/plugin/live2d_layer/Live2DLayer.ts:168
[  144931ms] [LOG] [CSM][W]Shader program is not initialized.
 @ http://localhost:8083/SKYNovel_gallery/src/plugin/live2d_layer/Live2DLayer.ts:168
[  144932ms] [LOG] [CSM][W]Shader program is not initialized.
 @ http://localhost:8083/SKYNovel_gallery/src/plugin/live2d_layer/Live2DLayer.ts:168
[  144932ms] [LOG] [CSM][W]Shader program is not initialized.
 @ http://localhost:8083/SKYNovel_gallery/src/plugin/live2d_layer/Live2DLayer.ts:168
[  144932ms] [LOG] [CSM][W]Shader program is not initialized.
 @ http://localhost:8083/SKYNovel_gallery/src/plugin/live2d_layer/Live2DLayer.ts:168
[  144932ms] [LOG] [CSM][W]Shader program is not initialized.
 @ http://localhost:8083/SKYNovel_gallery/src/plugin/live2d_layer/Live2DLayer.ts:168
[  144932ms] [LOG] [CSM][W]Shader program is not initialized.
 @ http://localhost:8083/SKYNovel_gallery/src/plugin/live2d_layer/Live2DLayer.ts:168
[  144932ms] [LOG] [CSM][W]Shader program is not initialized.
 @ http://localhost:8083/SKYNovel_gallery/src/plugin/live2d_layer/Live2DLayer.ts:168
[  144932ms] [LOG] [CSM][W]Shader program is not initialized.
 @ http://localhost:8083/SKYNovel_gallery/src/plugin/live2d_layer/Live2DLayer.ts:168
[  144932ms] [LOG] [CSM][W]Shader program is not initialized.
 @ http://localhost:8083/SKYNovel_gallery/src/plugin/live2d_layer/Live2DLayer.ts:168
[  144932ms] [LOG] [CSM][W]Shader program is not initialized.
 @ http://localhost:8083/SKYNovel_gallery/src/plugin/live2d_layer/Live2DLayer.ts:168
[  144932ms] [LOG] [CSM][W]Shader program is not initialized.
 @ http://localhost:8083/SKYNovel_gallery/src/plugin/live2d_layer/Live2DLayer.ts:168
[  144932ms] [LOG] [CSM][W]Shader program is not initialized.
 @ http://localhost:8083/SKYNovel_gallery/src/plugin/live2d_layer/Live2DLayer.ts:168
[  144932ms] [LOG] [CSM][W]Shader program is not initialized.
 @ http://localhost:8083/SKYNovel_gallery/src/plugin/live2d_layer/Live2DLayer.ts:168
[  144932ms] [LOG] [CSM][W]Shader program is not initialized.
 @ http://localhost:8083/SKYNovel_gallery/src/plugin/live2d_layer/Live2DLayer.ts:168
[  144932ms] [LOG] [CSM][W]Shader program is not initialized.
 @ http://localhost:8083/SKYNovel_gallery/src/plugin/live2d_layer/Live2DLayer.ts:168
[  144932ms] [LOG] [CSM][W]Shader program is not initialized.
 @ http://localhost:8083/SKYNovel_gallery/src/plugin/live2d_layer/Live2DLayer.ts:168
[  144932ms] [LOG] [CSM][W]Shader program is not initialized.
 @ http://localhost:8083/SKYNovel_gallery/src/plugin/live2d_layer/Live2DLayer.ts:168
[  144932ms] [LOG] [CSM][W]Shader program is not initialized.
 @ http://localhost:8083/SKYNovel_gallery/src/plugin/live2d_layer/Live2DLayer.ts:168
[  144932ms] [LOG] [CSM][W]Shader program is not initialized.
 @ http://localhost:8083/SKYNovel_gallery/src/plugin/live2d_layer/Live2DLayer.ts:168
[  144932ms] [LOG] [CSM][W]Shader program is not initialized.
 @ http://localhost:8083/SKYNovel_gallery/src/plugin/live2d_layer/Live2DLayer.ts:168
[  144932ms] [LOG] [CSM][W]Shader program is not initialized.
 @ http://localhost:8083/SKYNovel_gallery/src/plugin/live2d_layer/Live2DLayer.ts:168
[  144932ms] [LOG] [CSM][W]Shader program is not initialized.
 @ http://localhost:8083/SKYNovel_gallery/src/plugin/live2d_layer/Live2DLayer.ts:168
[  144932ms] [LOG] [CSM][W]Shader program is not initialized.
 @ http://localhost:8083/SKYNovel_gallery/src/plugin/live2d_layer/Live2DLayer.ts:168
[  144933ms] [LOG] [CSM][W]Shader program is not initialized.
 @ http://localhost:8083/SKYNovel_gallery/src/plugin/live2d_layer/Live2DLayer.ts:168
[  144933ms] [LOG] [CSM][W]Shader program is not initialized.
 @ http://localhost:8083/SKYNovel_gallery/src/plugin/live2d_layer/Live2DLayer.ts:168
[  144933ms] [LOG] [CSM][W]Shader program is not initialized.
 @ http://localhost:8083/SKYNovel_gallery/src/plugin/live2d_layer/Live2DLayer.ts:168
[  144933ms] [LOG] [CSM][W]Shader program is not initialized.
 @ http://localhost:8083/SKYNovel_gallery/src/plugin/live2d_layer/Live2DLayer.ts:168
[  144933ms] [LOG] [CSM][W]Shader program is not initialized.
 @ http://localhost:8083/SKYNovel_gallery/src/plugin/live2d_layer/Live2DLayer.ts:168
[  144933ms] [LOG] [CSM][W]Shader program is not initialized.
 @ http://localhost:8083/SKYNovel_gallery/src/plugin/live2d_layer/Live2DLayer.ts:168
[  144933ms] [LOG] [CSM][W]Shader program is not initialized.
 @ http://localhost:8083/SKYNovel_gallery/src/plugin/live2d_layer/Live2DLayer.ts:168
[  144933ms] [LOG] [CSM][W]Shader program is not initialized.
 @ http://localhost:8083/SKYNovel_gallery/src/plugin/live2d_layer/Live2DLayer.ts:168
[  144941ms] TypeError: Cannot read properties of null (reading 'length')
    at CubismMotion.doUpdateParameters (http://localhost:8083/SKYNovel_gallery/src/plugin/live2d_layer/framework/motion/cubismmotion.ts:258:34)
    at CubismMotion.updateParameters (http://localhost:8083/SKYNovel_gallery/src/plugin/live2d_layer/framework/motion/acubismmotion.ts:59:8)
    at CubismMotionManager.doUpdateMotion (http://localhost:8083/SKYNovel_gallery/src/plugin/live2d_layer/framework/motion/cubismmotionqueuemanager.ts:195:11)
    at CubismMotionManager.updateMotion (http://localhost:8083/SKYNovel_gallery/src/plugin/live2d_layer/framework/motion/cubismmotionmanager.ts:62:25)
    at Live2DModel.tick (http://localhost:8083/SKYNovel_gallery/src/plugin/live2d_layer/Live2DLayer.ts:130:28)
    at #tick (http://localhost:8083/SKYNovel_gallery/src/plugin/live2d_layer/Live2DLayer.ts:217:16)
[  211671ms] [LOG] Live2D Cubism SDK Core Version 6.0.1 @ http://localhost:8083/SKYNovel_gallery/plugin_lib/live2dcubismcore.min.js:8
[  211824ms] [LOG] [CSM][W]Shader program is not initialized.
 @ http://localhost:8083/SKYNovel_gallery/src/plugin/live2d_layer/Live2DLayer.ts?t=1787810353537:174
[  211825ms] [LOG] [CSM][W]Shader program is not initialized.
 @ http://localhost:8083/SKYNovel_gallery/src/plugin/live2d_layer/Live2DLayer.ts?t=1787810353537:174
[  211825ms] [LOG] [CSM][W]Shader program is not initialized.
 @ http://localhost:8083/SKYNovel_gallery/src/plugin/live2d_layer/Live2DLayer.ts?t=1787810353537:174
[  211825ms] [LOG] [CSM][W]Shader program is not initialized.
 @ http://localhost:8083/SKYNovel_gallery/src/plugin/live2d_layer/Live2DLayer.ts?t=1787810353537:174
[  211825ms] [LOG] [CSM][W]Shader program is not initialized.
 @ http://localhost:8083/SKYNovel_gallery/src/plugin/live2d_layer/Live2DLayer.ts?t=1787810353537:174
[  211825ms] [LOG] [CSM][W]Shader program is not initialized.
 @ http://localhost:8083/SKYNovel_gallery/src/plugin/live2d_layer/Live2DLayer.ts?t=1787810353537:174
[  211826ms] [LOG] [CSM][W]Shader program is not initialized.
 @ http://localhost:8083/SKYNovel_gallery/src/plugin/live2d_layer/Live2DLayer.ts?t=1787810353537:174
[  211826ms] [LOG] [CSM][W]Shader program is not initialized.
 @ http://localhost:8083/SKYNovel_gallery/src/plugin/live2d_layer/Live2DLayer.ts?t=1787810353537:174
[  211826ms] [LOG] [CSM][W]Shader program is not initialized.
 @ http://localhost:8083/SKYNovel_gallery/src/plugin/live2d_layer/Live2DLayer.ts?t=1787810353537:174
[  211826ms] [LOG] [CSM][W]Shader program is not initialized.
 @ http://localhost:8083/SKYNovel_gallery/src/plugin/live2d_layer/Live2DLayer.ts?t=1787810353537:174
[  211826ms] [LOG] [CSM][W]Shader program is not initialized.
 @ http://localhost:8083/SKYNovel_gallery/src/plugin/live2d_layer/Live2DLayer.ts?t=1787810353537:174
[  211826ms] [LOG] [CSM][W]Shader program is not initialized.
 @ http://localhost:8083/SKYNovel_gallery/src/plugin/live2d_layer/Live2DLayer.ts?t=1787810353537:174
[  211826ms] [LOG] [CSM][W]Shader program is not initialized.
 @ http://localhost:8083/SKYNovel_gallery/src/plugin/live2d_layer/Live2DLayer.ts?t=1787810353537:174
[  211826ms] [LOG] [CSM][W]Shader program is not initialized.
 @ http://localhost:8083/SKYNovel_gallery/src/plugin/live2d_layer/Live2DLayer.ts?t=1787810353537:174
[  211826ms] [LOG] [CSM][W]Shader program is not initialized.
 @ http://localhost:8083/SKYNovel_gallery/src/plugin/live2d_layer/Live2DLayer.ts?t=1787810353537:174
[  211826ms] [LOG] [CSM][W]Shader program is not initialized.
 @ http://localhost:8083/SKYNovel_gallery/src/plugin/live2d_layer/Live2DLayer.ts?t=1787810353537:174
[  211826ms] [LOG] [CSM][W]Shader program is not initialized.
 @ http://localhost:8083/SKYNovel_gallery/src/plugin/live2d_layer/Live2DLayer.ts?t=1787810353537:174
[  211826ms] [LOG] [CSM][W]Shader program is not initialized.
 @ http://localhost:8083/SKYNovel_gallery/src/plugin/live2d_layer/Live2DLayer.ts?t=1787810353537:174
[  211826ms] [LOG] [CSM][W]Shader program is not initialized.
 @ http://localhost:8083/SKYNovel_gallery/src/plugin/live2d_layer/Live2DLayer.ts?t=1787810353537:174
[  211826ms] [LOG] [CSM][W]Shader program is not initialized.
 @ http://localhost:8083/SKYNovel_gallery/src/plugin/live2d_layer/Live2DLayer.ts?t=1787810353537:174
[  211826ms] [LOG] [CSM][W]Shader program is not initialized.
 @ http://localhost:8083/SKYNovel_gallery/src/plugin/live2d_layer/Live2DLayer.ts?t=1787810353537:174
[  211826ms] [LOG] [CSM][W]Shader program is not initialized.
 @ http://localhost:8083/SKYNovel_gallery/src/plugin/live2d_layer/Live2DLayer.ts?t=1787810353537:174
[  211826ms] [LOG] [CSM][W]Shader program is not initialized.
 @ http://localhost:8083/SKYNovel_gallery/src/plugin/live2d_layer/Live2DLayer.ts?t=1787810353537:174
[  211826ms] [LOG] [CSM][W]Shader program is not initialized.
 @ http://localhost:8083/SKYNovel_gallery/src/plugin/live2d_layer/Live2DLayer.ts?t=1787810353537:174
[  211827ms] [LOG] [CSM][W]Shader program is not initialized.
 @ http://localhost:8083/SKYNovel_gallery/src/plugin/live2d_layer/Live2DLayer.ts?t=1787810353537:174
[  211827ms] [LOG] [CSM][W]Shader program is not initialized.
 @ http://localhost:8083/SKYNovel_gallery/src/plugin/live2d_layer/Live2DLayer.ts?t=1787810353537:174
[  211827ms] [LOG] [CSM][W]Shader program is not initialized.
 @ http://localhost:8083/SKYNovel_gallery/src/plugin/live2d_layer/Live2DLayer.ts?t=1787810353537:174
[  211827ms] [LOG] [CSM][W]Shader program is not initialized.
 @ http://localhost:8083/SKYNovel_gallery/src/plugin/live2d_layer/Live2DLayer.ts?t=1787810353537:174
[  211827ms] [LOG] [CSM][W]Shader program is not initialized.
 @ http://localhost:8083/SKYNovel_gallery/src/plugin/live2d_layer/Live2DLayer.ts?t=1787810353537:174
[  211827ms] [LOG] [CSM][W]Shader program is not initialized.
 @ http://localhost:8083/SKYNovel_gallery/src/plugin/live2d_layer/Live2DLayer.ts?t=1787810353537:174
[  211827ms] [LOG] [CSM][W]Shader program is not initialized.
 @ http://localhost:8083/SKYNovel_gallery/src/plugin/live2d_layer/Live2DLayer.ts?t=1787810353537:174
[  211827ms] [LOG] [CSM][W]Shader program is not initialized.
 @ http://localhost:8083/SKYNovel_gallery/src/plugin/live2d_layer/Live2DLayer.ts?t=1787810353537:174
[  211827ms] [LOG] [CSM][W]Shader program is not initialized.
 @ http://localhost:8083/SKYNovel_gallery/src/plugin/live2d_layer/Live2DLayer.ts?t=1787810353537:174
[  211827ms] [LOG] [CSM][W]Shader program is not initialized.
 @ http://localhost:8083/SKYNovel_gallery/src/plugin/live2d_layer/Live2DLayer.ts?t=1787810353537:174
[  211827ms] [LOG] [CSM][W]Shader program is not initialized.
 @ http://localhost:8083/SKYNovel_gallery/src/plugin/live2d_layer/Live2DLayer.ts?t=1787810353537:174
[  211827ms] [LOG] [CSM][W]Shader program is not initialized.
 @ http://localhost:8083/SKYNovel_gallery/src/plugin/live2d_layer/Live2DLayer.ts?t=1787810353537:174
[  211827ms] [LOG] [CSM][W]Shader program is not initialized.
 @ http://localhost:8083/SKYNovel_gallery/src/plugin/live2d_layer/Live2DLayer.ts?t=1787810353537:174
[  211827ms] [LOG] [CSM][W]Shader program is not initialized.
 @ http://localhost:8083/SKYNovel_gallery/src/plugin/live2d_layer/Live2DLayer.ts?t=1787810353537:174
[  211827ms] [LOG] [CSM][W]Shader program is not initialized.
 @ http://localhost:8083/SKYNovel_gallery/src/plugin/live2d_layer/Live2DLayer.ts?t=1787810353537:174
[  211827ms] [LOG] [CSM][W]Shader program is not initialized.
 @ http://localhost:8083/SKYNovel_gallery/src/plugin/live2d_layer/Live2DLayer.ts?t=1787810353537:174
[  211827ms] [LOG] [CSM][W]Shader program is not initialized.
 @ http://localhost:8083/SKYNovel_gallery/src/plugin/live2d_layer/Live2DLayer.ts?t=1787810353537:174
[  211827ms] [LOG] [CSM][W]Shader program is not initialized.
 @ http://localhost:8083/SKYNovel_gallery/src/plugin/live2d_layer/Live2DLayer.ts?t=1787810353537:174
[  211828ms] [LOG] [CSM][W]Shader program is not initialized.
 @ http://localhost:8083/SKYNovel_gallery/src/plugin/live2d_layer/Live2DLayer.ts?t=1787810353537:174
[  211828ms] [LOG] [CSM][W]Shader program is not initialized.
 @ http://localhost:8083/SKYNovel_gallery/src/plugin/live2d_layer/Live2DLayer.ts?t=1787810353537:174
[  211828ms] [LOG] [CSM][W]Shader program is not initialized.
 @ http://localhost:8083/SKYNovel_gallery/src/plugin/live2d_layer/Live2DLayer.ts?t=1787810353537:174
[  211828ms] [LOG] [CSM][W]Shader program is not initialized.
 @ http://localhost:8083/SKYNovel_gallery/src/plugin/live2d_layer/Live2DLayer.ts?t=1787810353537:174
[  211828ms] [LOG] [CSM][W]Shader program is not initialized.
 @ http://localhost:8083/SKYNovel_gallery/src/plugin/live2d_layer/Live2DLayer.ts?t=1787810353537:174
[  211828ms] [LOG] [CSM][W]Shader program is not initialized.
 @ http://localhost:8083/SKYNovel_gallery/src/plugin/live2d_layer/Live2DLayer.ts?t=1787810353537:174
[  211828ms] [LOG] [CSM][W]Shader program is not initialized.
 @ http://localhost:8083/SKYNovel_gallery/src/plugin/live2d_layer/Live2DLayer.ts?t=1787810353537:174
[  211828ms] [LOG] [CSM][W]Shader program is not initialized.
 @ http://localhost:8083/SKYNovel_gallery/src/plugin/live2d_layer/Live2DLayer.ts?t=1787810353537:174
[  211828ms] [LOG] [CSM][W]Shader program is not initialized.
 @ http://localhost:8083/SKYNovel_gallery/src/plugin/live2d_layer/Live2DLayer.ts?t=1787810353537:174
[  211828ms] [LOG] [CSM][W]Shader program is not initialized.
 @ http://localhost:8083/SKYNovel_gallery/src/plugin/live2d_layer/Live2DLayer.ts?t=1787810353537:174
[  211828ms] [LOG] [CSM][W]Shader program is not initialized.
 @ http://localhost:8083/SKYNovel_gallery/src/plugin/live2d_layer/Live2DLayer.ts?t=1787810353537:174
[  211828ms] [LOG] [CSM][W]Shader program is not initialized.
 @ http://localhost:8083/SKYNovel_gallery/src/plugin/live2d_layer/Live2DLayer.ts?t=1787810353537:174
[  211828ms] [LOG] [CSM][W]Shader program is not initialized.
 @ http://localhost:8083/SKYNovel_gallery/src/plugin/live2d_layer/Live2DLayer.ts?t=1787810353537:174
[  211828ms] [LOG] [CSM][W]Shader program is not initialized.
 @ http://localhost:8083/SKYNovel_gallery/src/plugin/live2d_layer/Live2DLayer.ts?t=1787810353537:174
[  211828ms] [LOG] [CSM][W]Shader program is not initialized.
 @ http://localhost:8083/SKYNovel_gallery/src/plugin/live2d_layer/Live2DLayer.ts?t=1787810353537:174
[  211828ms] [LOG] [CSM][W]Shader program is not initialized.
 @ http://localhost:8083/SKYNovel_gallery/src/plugin/live2d_layer/Live2DLayer.ts?t=1787810353537:174
[  211828ms] [LOG] [CSM][W]Shader program is not initialized.
 @ http://localhost:8083/SKYNovel_gallery/src/plugin/live2d_layer/Live2DLayer.ts?t=1787810353537:174
[  211828ms] [LOG] [CSM][W]Shader program is not initialized.
 @ http://localhost:8083/SKYNovel_gallery/src/plugin/live2d_layer/Live2DLayer.ts?t=1787810353537:174
[  211828ms] [LOG] [CSM][W]Shader program is not initialized.
 @ http://localhost:8083/SKYNovel_gallery/src/plugin/live2d_layer/Live2DLayer.ts?t=1787810353537:174
[  211829ms] [LOG] [CSM][W]Shader program is not initialized.
 @ http://localhost:8083/SKYNovel_gallery/src/plugin/live2d_layer/Live2DLayer.ts?t=1787810353537:174
[  211829ms] [LOG] [CSM][W]Shader program is not initialized.
 @ http://localhost:8083/SKYNovel_gallery/src/plugin/live2d_layer/Live2DLayer.ts?t=1787810353537:174
[  211829ms] [LOG] [CSM][W]Shader program is not initialized.
 @ http://localhost:8083/SKYNovel_gallery/src/plugin/live2d_layer/Live2DLayer.ts?t=1787810353537:174
[  211829ms] [LOG] [CSM][W]Shader program is not initialized.
 @ http://localhost:8083/SKYNovel_gallery/src/plugin/live2d_layer/Live2DLayer.ts?t=1787810353537:174
[  211829ms] [LOG] [CSM][W]Shader program is not initialized.
 @ http://localhost:8083/SKYNovel_gallery/src/plugin/live2d_layer/Live2DLayer.ts?t=1787810353537:174
[  211829ms] [LOG] [CSM][W]Shader program is not initialized.
 @ http://localhost:8083/SKYNovel_gallery/src/plugin/live2d_layer/Live2DLayer.ts?t=1787810353537:174
[  211829ms] [LOG] [CSM][W]Shader program is not initialized.
 @ http://localhost:8083/SKYNovel_gallery/src/plugin/live2d_layer/Live2DLayer.ts?t=1787810353537:174
[  211829ms] [LOG] [CSM][W]Shader program is not initialized.
 @ http://localhost:8083/SKYNovel_gallery/src/plugin/live2d_layer/Live2DLayer.ts?t=1787810353537:174
[  211829ms] [LOG] [CSM][W]Shader program is not initialized.
 @ http://localhost:8083/SKYNovel_gallery/src/plugin/live2d_layer/Live2DLayer.ts?t=1787810353537:174
[  211829ms] [LOG] [CSM][W]Shader program is not initialized.
 @ http://localhost:8083/SKYNovel_gallery/src/plugin/live2d_layer/Live2DLayer.ts?t=1787810353537:174
[  211829ms] [LOG] [CSM][W]Shader program is not initialized.
 @ http://localhost:8083/SKYNovel_gallery/src/plugin/live2d_layer/Live2DLayer.ts?t=1787810353537:174
[  211829ms] [LOG] [CSM][W]Shader program is not initialized.
 @ http://localhost:8083/SKYNovel_gallery/src/plugin/live2d_layer/Live2DLayer.ts?t=1787810353537:174
[  211829ms] [LOG] [CSM][W]Shader program is not initialized.
 @ http://localhost:8083/SKYNovel_gallery/src/plugin/live2d_layer/Live2DLayer.ts?t=1787810353537:174
[  211829ms] [LOG] [CSM][W]Shader program is not initialized.
 @ http://localhost:8083/SKYNovel_gallery/src/plugin/live2d_layer/Live2DLayer.ts?t=1787810353537:174
[  211829ms] [LOG] [CSM][W]Shader program is not initialized.
 @ http://localhost:8083/SKYNovel_gallery/src/plugin/live2d_layer/Live2DLayer.ts?t=1787810353537:174
[  211829ms] [LOG] [CSM][W]Shader program is not initialized.
 @ http://localhost:8083/SKYNovel_gallery/src/plugin/live2d_layer/Live2DLayer.ts?t=1787810353537:174
[  211829ms] [LOG] [CSM][W]Shader program is not initialized.
 @ http://localhost:8083/SKYNovel_gallery/src/plugin/live2d_layer/Live2DLayer.ts?t=1787810353537:174
[  211829ms] [LOG] [CSM][W]Shader program is not initialized.
 @ http://localhost:8083/SKYNovel_gallery/src/plugin/live2d_layer/Live2DLayer.ts?t=1787810353537:174
[  211830ms] [LOG] [CSM][W]Shader program is not initialized.
 @ http://localhost:8083/SKYNovel_gallery/src/plugin/live2d_layer/Live2DLayer.ts?t=1787810353537:174
[  211830ms] [LOG] [CSM][W]Shader program is not initialized.
 @ http://localhost:8083/SKYNovel_gallery/src/plugin/live2d_layer/Live2DLayer.ts?t=1787810353537:174
[  211830ms] [LOG] [CSM][W]Shader program is not initialized.
 @ http://localhost:8083/SKYNovel_gallery/src/plugin/live2d_layer/Live2DLayer.ts?t=1787810353537:174
[  211830ms] [LOG] [CSM][W]Shader program is not initialized.
 @ http://localhost:8083/SKYNovel_gallery/src/plugin/live2d_layer/Live2DLayer.ts?t=1787810353537:174
[  211854ms] TypeError: Cannot read properties of null (reading 'length')
    at CubismMotion.doUpdateParameters (http://localhost:8083/SKYNovel_gallery/src/plugin/live2d_layer/framework/motion/cubismmotion.ts:258:34)
    at CubismMotion.updateParameters (http://localhost:8083/SKYNovel_gallery/src/plugin/live2d_layer/framework/motion/acubismmotion.ts:59:8)
    at CubismMotionManager.doUpdateMotion (http://localhost:8083/SKYNovel_gallery/src/plugin/live2d_layer/framework/motion/cubismmotionqueuemanager.ts:195:11)
    at CubismMotionManager.updateMotion (http://localhost:8083/SKYNovel_gallery/src/plugin/live2d_layer/framework/motion/cubismmotionmanager.ts:62:25)
    at Live2DModel.tick (http://localhost:8083/SKYNovel_gallery/src/plugin/live2d_layer/Live2DLayer.ts?t=1787810353537:136:28)
    at #tick (http://localhost:8083/SKYNovel_gallery/src/plugin/live2d_layer/Live2DLayer.ts?t=1787810353537:223:16)
[  219655ms] [LOG] Live2D Cubism SDK Core Version 6.0.1 @ http://localhost:8083/SKYNovel_gallery/plugin_lib/live2dcubismcore.min.js:8
[  219819ms] [LOG] [CSM][W]Shader program is not initialized.
 @ http://localhost:8083/SKYNovel_gallery/src/plugin/live2d_layer/Live2DLayer.ts?t=1787810361543:177
[  219819ms] [LOG] [CSM][W]Shader program is not initialized.
 @ http://localhost:8083/SKYNovel_gallery/src/plugin/live2d_layer/Live2DLayer.ts?t=1787810361543:177
[  219819ms] [LOG] [CSM][W]Shader program is not initialized.
 @ http://localhost:8083/SKYNovel_gallery/src/plugin/live2d_layer/Live2DLayer.ts?t=1787810361543:177
[  219819ms] [LOG] [CSM][W]Shader program is not initialized.
 @ http://localhost:8083/SKYNovel_gallery/src/plugin/live2d_layer/Live2DLayer.ts?t=1787810361543:177
[  219819ms] [LOG] [CSM][W]Shader program is not initialized.
 @ http://localhost:8083/SKYNovel_gallery/src/plugin/live2d_layer/Live2DLayer.ts?t=1787810361543:177
[  219819ms] [LOG] [CSM][W]Shader program is not initialized.
 @ http://localhost:8083/SKYNovel_gallery/src/plugin/live2d_layer/Live2DLayer.ts?t=1787810361543:177
[  219819ms] [LOG] [CSM][W]Shader program is not initialized.
 @ http://localhost:8083/SKYNovel_gallery/src/plugin/live2d_layer/Live2DLayer.ts?t=1787810361543:177
[  219819ms] [LOG] [CSM][W]Shader program is not initialized.
 @ http://localhost:8083/SKYNovel_gallery/src/plugin/live2d_layer/Live2DLayer.ts?t=1787810361543:177
[  219820ms] [LOG] [CSM][W]Shader program is not initialized.
 @ http://localhost:8083/SKYNovel_gallery/src/plugin/live2d_layer/Live2DLayer.ts?t=1787810361543:177
[  219820ms] [LOG] [CSM][W]Shader program is not initialized.
 @ http://localhost:8083/SKYNovel_gallery/src/plugin/live2d_layer/Live2DLayer.ts?t=1787810361543:177
[  219820ms] [LOG] [CSM][W]Shader program is not initialized.
 @ http://localhost:8083/SKYNovel_gallery/src/plugin/live2d_layer/Live2DLayer.ts?t=1787810361543:177
[  219820ms] [LOG] [CSM][W]Shader program is not initialized.
 @ http://localhost:8083/SKYNovel_gallery/src/plugin/live2d_layer/Live2DLayer.ts?t=1787810361543:177
[  219820ms] [LOG] [CSM][W]Shader program is not initialized.
 @ http://localhost:8083/SKYNovel_gallery/src/plugin/live2d_layer/Live2DLayer.ts?t=1787810361543:177
[  219820ms] [LOG] [CSM][W]Shader program is not initialized.
 @ http://localhost:8083/SKYNovel_gallery/src/plugin/live2d_layer/Live2DLayer.ts?t=1787810361543:177
[  219820ms] [LOG] [CSM][W]Shader program is not initialized.
 @ http://localhost:8083/SKYNovel_gallery/src/plugin/live2d_layer/Live2DLayer.ts?t=1787810361543:177
[  219820ms] [LOG] [CSM][W]Shader program is not initialized.
 @ http://localhost:8083/SKYNovel_gallery/src/plugin/live2d_layer/Live2DLayer.ts?t=1787810361543:177
[  219820ms] [LOG] [CSM][W]Shader program is not initialized.
 @ http://localhost:8083/SKYNovel_gallery/src/plugin/live2d_layer/Live2DLayer.ts?t=1787810361543:177
[  219820ms] [LOG] [CSM][W]Shader program is not initialized.
 @ http://localhost:8083/SKYNovel_gallery/src/plugin/live2d_layer/Live2DLayer.ts?t=1787810361543:177
[  219820ms] [LOG] [CSM][W]Shader program is not initialized.
 @ http://localhost:8083/SKYNovel_gallery/src/plugin/live2d_layer/Live2DLayer.ts?t=1787810361543:177
[  219820ms] [LOG] [CSM][W]Shader program is not initialized.
 @ http://localhost:8083/SKYNovel_gallery/src/plugin/live2d_layer/Live2DLayer.ts?t=1787810361543:177
[  219820ms] [LOG] [CSM][W]Shader program is not initialized.
 @ http://localhost:8083/SKYNovel_gallery/src/plugin/live2d_layer/Live2DLayer.ts?t=1787810361543:177
[  219820ms] [LOG] [CSM][W]Shader program is not initialized.
 @ http://localhost:8083/SKYNovel_gallery/src/plugin/live2d_layer/Live2DLayer.ts?t=1787810361543:177
[  219820ms] [LOG] [CSM][W]Shader program is not initialized.
 @ http://localhost:8083/SKYNovel_gallery/src/plugin/live2d_layer/Live2DLayer.ts?t=1787810361543:177
[  219820ms] [LOG] [CSM][W]Shader program is not initialized.
 @ http://localhost:8083/SKYNovel_gallery/src/plugin/live2d_layer/Live2DLayer.ts?t=1787810361543:177
[  219820ms] [LOG] [CSM][W]Shader program is not initialized.
 @ http://localhost:8083/SKYNovel_gallery/src/plugin/live2d_layer/Live2DLayer.ts?t=1787810361543:177
[  219821ms] [LOG] [CSM][W]Shader program is not initialized.
 @ http://localhost:8083/SKYNovel_gallery/src/plugin/live2d_layer/Live2DLayer.ts?t=1787810361543:177
[  219821ms] [LOG] [CSM][W]Shader program is not initialized.
 @ http://localhost:8083/SKYNovel_gallery/src/plugin/live2d_layer/Live2DLayer.ts?t=1787810361543:177
[  219821ms] [LOG] [CSM][W]Shader program is not initialized.
 @ http://localhost:8083/SKYNovel_gallery/src/plugin/live2d_layer/Live2DLayer.ts?t=1787810361543:177
[  219821ms] [LOG] [CSM][W]Shader program is not initialized.
 @ http://localhost:8083/SKYNovel_gallery/src/plugin/live2d_layer/Live2DLayer.ts?t=1787810361543:177
[  219821ms] [LOG] [CSM][W]Shader program is not initialized.
 @ http://localhost:8083/SKYNovel_gallery/src/plugin/live2d_layer/Live2DLayer.ts?t=1787810361543:177
[  219821ms] [LOG] [CSM][W]Shader program is not initialized.
 @ http://localhost:8083/SKYNovel_gallery/src/plugin/live2d_layer/Live2DLayer.ts?t=1787810361543:177
[  219821ms] [LOG] [CSM][W]Shader program is not initialized.
 @ http://localhost:8083/SKYNovel_gallery/src/plugin/live2d_layer/Live2DLayer.ts?t=1787810361543:177
[  219821ms] [LOG] [CSM][W]Shader program is not initialized.
 @ http://localhost:8083/SKYNovel_gallery/src/plugin/live2d_layer/Live2DLayer.ts?t=1787810361543:177
[  219821ms] [LOG] [CSM][W]Shader program is not initialized.
 @ http://localhost:8083/SKYNovel_gallery/src/plugin/live2d_layer/Live2DLayer.ts?t=1787810361543:177
[  219821ms] [LOG] [CSM][W]Shader program is not initialized.
 @ http://localhost:8083/SKYNovel_gallery/src/plugin/live2d_layer/Live2DLayer.ts?t=1787810361543:177
[  219821ms] [LOG] [CSM][W]Shader program is not initialized.
 @ http://localhost:8083/SKYNovel_gallery/src/plugin/live2d_layer/Live2DLayer.ts?t=1787810361543:177
[  219821ms] [LOG] [CSM][W]Shader program is not initialized.
 @ http://localhost:8083/SKYNovel_gallery/src/plugin/live2d_layer/Live2DLayer.ts?t=1787810361543:177
[  219822ms] [LOG] [CSM][W]Shader program is not initialized.
 @ http://localhost:8083/SKYNovel_gallery/src/plugin/live2d_layer/Live2DLayer.ts?t=1787810361543:177
[  219822ms] [LOG] [CSM][W]Shader program is not initialized.
 @ http://localhost:8083/SKYNovel_gallery/src/plugin/live2d_layer/Live2DLayer.ts?t=1787810361543:177
[  219822ms] [LOG] [CSM][W]Shader program is not initialized.
 @ http://localhost:8083/SKYNovel_gallery/src/plugin/live2d_layer/Live2DLayer.ts?t=1787810361543:177
[  219822ms] [LOG] [CSM][W]Shader program is not initialized.
 @ http://localhost:8083/SKYNovel_gallery/src/plugin/live2d_layer/Live2DLayer.ts?t=1787810361543:177
[  219822ms] [LOG] [CSM][W]Shader program is not initialized.
 @ http://localhost:8083/SKYNovel_gallery/src/plugin/live2d_layer/Live2DLayer.ts?t=1787810361543:177
[  219822ms] [LOG] [CSM][W]Shader program is not initialized.
 @ http://localhost:8083/SKYNovel_gallery/src/plugin/live2d_layer/Live2DLayer.ts?t=1787810361543:177
[  219822ms] [LOG] [CSM][W]Shader program is not initialized.
 @ http://localhost:8083/SKYNovel_gallery/src/plugin/live2d_layer/Live2DLayer.ts?t=1787810361543:177
[  219822ms] [LOG] [CSM][W]Shader program is not initialized.
 @ http://localhost:8083/SKYNovel_gallery/src/plugin/live2d_layer/Live2DLayer.ts?t=1787810361543:177
[  219822ms] [LOG] [CSM][W]Shader program is not initialized.
 @ http://localhost:8083/SKYNovel_gallery/src/plugin/live2d_layer/Live2DLayer.ts?t=1787810361543:177
[  219822ms] [LOG] [CSM][W]Shader program is not initialized.
 @ http://localhost:8083/SKYNovel_gallery/src/plugin/live2d_layer/Live2DLayer.ts?t=1787810361543:177
[  219822ms] [LOG] [CSM][W]Shader program is not initialized.
 @ http://localhost:8083/SKYNovel_gallery/src/plugin/live2d_layer/Live2DLayer.ts?t=1787810361543:177
[  219822ms] [LOG] [CSM][W]Shader program is not initialized.
 @ http://localhost:8083/SKYNovel_gallery/src/plugin/live2d_layer/Live2DLayer.ts?t=1787810361543:177
[  219822ms] [LOG] [CSM][W]Shader program is not initialized.
 @ http://localhost:8083/SKYNovel_gallery/src/plugin/live2d_layer/Live2DLayer.ts?t=1787810361543:177
[  219822ms] [LOG] [CSM][W]Shader program is not initialized.
 @ http://localhost:8083/SKYNovel_gallery/src/plugin/live2d_layer/Live2DLayer.ts?t=1787810361543:177
[  219822ms] [LOG] [CSM][W]Shader program is not initialized.
 @ http://localhost:8083/SKYNovel_gallery/src/plugin/live2d_layer/Live2DLayer.ts?t=1787810361543:177
[  219822ms] [LOG] [CSM][W]Shader program is not initialized.
 @ http://localhost:8083/SKYNovel_gallery/src/plugin/live2d_layer/Live2DLayer.ts?t=1787810361543:177
[  219822ms] [LOG] [CSM][W]Shader program is not initialized.
 @ http://localhost:8083/SKYNovel_gallery/src/plugin/live2d_layer/Live2DLayer.ts?t=1787810361543:177
[  219822ms] [LOG] [CSM][W]Shader program is not initialized.
 @ http://localhost:8083/SKYNovel_gallery/src/plugin/live2d_layer/Live2DLayer.ts?t=1787810361543:177
[  219822ms] [LOG] [CSM][W]Shader program is not initialized.
 @ http://localhost:8083/SKYNovel_gallery/src/plugin/live2d_layer/Live2DLayer.ts?t=1787810361543:177
[  219822ms] [LOG] [CSM][W]Shader program is not initialized.
 @ http://localhost:8083/SKYNovel_gallery/src/plugin/live2d_layer/Live2DLayer.ts?t=1787810361543:177
[  219823ms] [LOG] [CSM][W]Shader program is not initialized.
 @ http://localhost:8083/SKYNovel_gallery/src/plugin/live2d_layer/Live2DLayer.ts?t=1787810361543:177
[  219823ms] [LOG] [CSM][W]Shader program is not initialized.
 @ http://localhost:8083/SKYNovel_gallery/src/plugin/live2d_layer/Live2DLayer.ts?t=1787810361543:177
[  219823ms] [LOG] [CSM][W]Shader program is not initialized.
 @ http://localhost:8083/SKYNovel_gallery/src/plugin/live2d_layer/Live2DLayer.ts?t=1787810361543:177
[  219823ms] [LOG] [CSM][W]Shader program is not initialized.
 @ http://localhost:8083/SKYNovel_gallery/src/plugin/live2d_layer/Live2DLayer.ts?t=1787810361543:177
[  219823ms] [LOG] [CSM][W]Shader program is not initialized.
 @ http://localhost:8083/SKYNovel_gallery/src/plugin/live2d_layer/Live2DLayer.ts?t=1787810361543:177
[  219823ms] [LOG] [CSM][W]Shader program is not initialized.
 @ http://localhost:8083/SKYNovel_gallery/src/plugin/live2d_layer/Live2DLayer.ts?t=1787810361543:177
[  219823ms] [LOG] [CSM][W]Shader program is not initialized.
 @ http://localhost:8083/SKYNovel_gallery/src/plugin/live2d_layer/Live2DLayer.ts?t=1787810361543:177
[  219823ms] [LOG] [CSM][W]Shader program is not initialized.
 @ http://localhost:8083/SKYNovel_gallery/src/plugin/live2d_layer/Live2DLayer.ts?t=1787810361543:177
[  219823ms] [LOG] [CSM][W]Shader program is not initialized.
 @ http://localhost:8083/SKYNovel_gallery/src/plugin/live2d_layer/Live2DLayer.ts?t=1787810361543:177
[  219823ms] [LOG] [CSM][W]Shader program is not initialized.
 @ http://localhost:8083/SKYNovel_gallery/src/plugin/live2d_layer/Live2DLayer.ts?t=1787810361543:177
[  219823ms] [LOG] [CSM][W]Shader program is not initialized.
 @ http://localhost:8083/SKYNovel_gallery/src/plugin/live2d_layer/Live2DLayer.ts?t=1787810361543:177
[  219823ms] [LOG] [CSM][W]Shader program is not initialized.
 @ http://localhost:8083/SKYNovel_gallery/src/plugin/live2d_layer/Live2DLayer.ts?t=1787810361543:177
[  219823ms] [LOG] [CSM][W]Shader program is not initialized.
 @ http://localhost:8083/SKYNovel_gallery/src/plugin/live2d_layer/Live2DLayer.ts?t=1787810361543:177
[  219823ms] [LOG] [CSM][W]Shader program is not initialized.
 @ http://localhost:8083/SKYNovel_gallery/src/plugin/live2d_layer/Live2DLayer.ts?t=1787810361543:177
[  219823ms] [LOG] [CSM][W]Shader program is not initialized.
 @ http://localhost:8083/SKYNovel_gallery/src/plugin/live2d_layer/Live2DLayer.ts?t=1787810361543:177
[  219823ms] [LOG] [CSM][W]Shader program is not initialized.
 @ http://localhost:8083/SKYNovel_gallery/src/plugin/live2d_layer/Live2DLayer.ts?t=1787810361543:177
[  219823ms] [LOG] [CSM][W]Shader program is not initialized.
 @ http://localhost:8083/SKYNovel_gallery/src/plugin/live2d_layer/Live2DLayer.ts?t=1787810361543:177
[  219823ms] [LOG] [CSM][W]Shader program is not initialized.
 @ http://localhost:8083/SKYNovel_gallery/src/plugin/live2d_layer/Live2DLayer.ts?t=1787810361543:177
[  219823ms] [LOG] [CSM][W]Shader program is not initialized.
 @ http://localhost:8083/SKYNovel_gallery/src/plugin/live2d_layer/Live2DLayer.ts?t=1787810361543:177
[  219823ms] [LOG] [CSM][W]Shader program is not initialized.
 @ http://localhost:8083/SKYNovel_gallery/src/plugin/live2d_layer/Live2DLayer.ts?t=1787810361543:177
[  219824ms] [LOG] [CSM][W]Shader program is not initialized.
 @ http://localhost:8083/SKYNovel_gallery/src/plugin/live2d_layer/Live2DLayer.ts?t=1787810361543:177
[  219824ms] [LOG] [CSM][W]Shader program is not initialized.
 @ http://localhost:8083/SKYNovel_gallery/src/plugin/live2d_layer/Live2DLayer.ts?t=1787810361543:177
[  219824ms] [LOG] [CSM][W]Shader program is not initialized.
 @ http://localhost:8083/SKYNovel_gallery/src/plugin/live2d_layer/Live2DLayer.ts?t=1787810361543:177
[  219824ms] [LOG] [CSM][W]Shader program is not initialized.
 @ http://localhost:8083/SKYNovel_gallery/src/plugin/live2d_layer/Live2DLayer.ts?t=1787810361543:177
[  219824ms] [LOG] [CSM][W]Shader program is not initialized.
 @ http://localhost:8083/SKYNovel_gallery/src/plugin/live2d_layer/Live2DLayer.ts?t=1787810361543:177
[  219824ms] [LOG] [CSM][W]Shader program is not initialized.
 @ http://localhost:8083/SKYNovel_gallery/src/plugin/live2d_layer/Live2DLayer.ts?t=1787810361543:177
[  219830ms] [LOG] [CSM][W]Shader program is not initialized.
 @ http://localhost:8083/SKYNovel_gallery/src/plugin/live2d_layer/Live2DLayer.ts?t=1787810361543:177
[  219830ms] [LOG] [CSM][W]Shader program is not initialized.
 @ http://localhost:8083/SKYNovel_gallery/src/plugin/live2d_layer/Live2DLayer.ts?t=1787810361543:177
[  219830ms] [LOG] [CSM][W]Shader program is not initialized.
 @ http://localhost:8083/SKYNovel_gallery/src/plugin/live2d_layer/Live2DLayer.ts?t=1787810361543:177
[  219830ms] [LOG] [CSM][W]Shader program is not initialized.
 @ http://localhost:8083/SKYNovel_gallery/src/plugin/live2d_layer/Live2DLayer.ts?t=1787810361543:177
[  219831ms] [LOG] [CSM][W]Shader program is not initialized.
 @ http://localhost:8083/SKYNovel_gallery/src/plugin/live2d_layer/Live2DLayer.ts?t=1787810361543:177
[  219831ms] [LOG] [CSM][W]Shader program is not initialized.
 @ http://localhost:8083/SKYNovel_gallery/src/plugin/live2d_layer/Live2DLayer.ts?t=1787810361543:177
[  219831ms] [LOG] [CSM][W]Shader program is not initialized.
 @ http://localhost:8083/SKYNovel_gallery/src/plugin/live2d_layer/Live2DLayer.ts?t=1787810361543:177
[  219831ms] [LOG] [CSM][W]Shader program is not initialized.
 @ http://localhost:8083/SKYNovel_gallery/src/plugin/live2d_layer/Live2DLayer.ts?t=1787810361543:177
[  219831ms] [LOG] [CSM][W]Shader program is not initialized.
 @ http://localhost:8083/SKYNovel_gallery/src/plugin/live2d_layer/Live2DLayer.ts?t=1787810361543:177
[  219831ms] [LOG] [CSM][W]Shader program is not initialized.
 @ http://localhost:8083/SKYNovel_gallery/src/plugin/live2d_layer/Live2DLayer.ts?t=1787810361543:177
[  219831ms] [LOG] [CSM][W]Shader program is not initialized.
 @ http://localhost:8083/SKYNovel_gallery/src/plugin/live2d_layer/Live2DLayer.ts?t=1787810361543:177
[  219831ms] [LOG] [CSM][W]Shader program is not initialized.
 @ http://localhost:8083/SKYNovel_gallery/src/plugin/live2d_layer/Live2DLayer.ts?t=1787810361543:177
[  219831ms] [LOG] [CSM][W]Shader program is not initialized.
 @ http://localhost:8083/SKYNovel_gallery/src/plugin/live2d_layer/Live2DLayer.ts?t=1787810361543:177
[  219831ms] [LOG] [CSM][W]Shader program is not initialized.
 @ http://localhost:8083/SKYNovel_gallery/src/plugin/live2d_layer/Live2DLayer.ts?t=1787810361543:177
[  219831ms] [LOG] [CSM][W]Shader program is not initialized.
 @ http://localhost:8083/SKYNovel_gallery/src/plugin/live2d_layer/Live2DLayer.ts?t=1787810361543:177
[  219831ms] [LOG] [CSM][W]Shader program is not initialized.
 @ http://localhost:8083/SKYNovel_gallery/src/plugin/live2d_layer/Live2DLayer.ts?t=1787810361543:177
[  219831ms] [LOG] [CSM][W]Shader program is not initialized.
 @ http://localhost:8083/SKYNovel_gallery/src/plugin/live2d_layer/Live2DLayer.ts?t=1787810361543:177
[  219831ms] [LOG] [CSM][W]Shader program is not initialized.
 @ http://localhost:8083/SKYNovel_gallery/src/plugin/live2d_layer/Live2DLayer.ts?t=1787810361543:177
[  219831ms] [LOG] [CSM][W]Shader program is not initialized.
 @ http://localhost:8083/SKYNovel_gallery/src/plugin/live2d_layer/Live2DLayer.ts?t=1787810361543:177
[  219831ms] [LOG] [CSM][W]Shader program is not initialized.
 @ http://localhost:8083/SKYNovel_gallery/src/plugin/live2d_layer/Live2DLayer.ts?t=1787810361543:177
[  219831ms] [LOG] [CSM][W]Shader program is not initialized.
 @ http://localhost:8083/SKYNovel_gallery/src/plugin/live2d_layer/Live2DLayer.ts?t=1787810361543:177
[  219832ms] [LOG] [CSM][W]Shader program is not initialized.
 @ http://localhost:8083/SKYNovel_gallery/src/plugin/live2d_layer/Live2DLayer.ts?t=1787810361543:177
[  219832ms] [LOG] [CSM][W]Shader program is not initialized.
 @ http://localhost:8083/SKYNovel_gallery/src/plugin/live2d_layer/Live2DLayer.ts?t=1787810361543:177
[  219832ms] [LOG] [CSM][W]Shader program is not initialized.
 @ http://localhost:8083/SKYNovel_gallery/src/plugin/live2d_layer/Live2DLayer.ts?t=1787810361543:177
[  219832ms] [LOG] [CSM][W]Shader program is not initialized.
 @ http://localhost:8083/SKYNovel_gallery/src/plugin/live2d_layer/Live2DLayer.ts?t=1787810361543:177
[  219832ms] [LOG] [CSM][W]Shader program is not initialized.
 @ http://localhost:8083/SKYNovel_gallery/src/plugin/live2d_layer/Live2DLayer.ts?t=1787810361543:177
[  219832ms] [LOG] [CSM][W]Shader program is not initialized.
 @ http://localhost:8083/SKYNovel_gallery/src/plugin/live2d_layer/Live2DLayer.ts?t=1787810361543:177
[  219832ms] [LOG] [CSM][W]Shader program is not initialized.
 @ http://localhost:8083/SKYNovel_gallery/src/plugin/live2d_layer/Live2DLayer.ts?t=1787810361543:177
[  219832ms] [LOG] [CSM][W]Shader program is not initialized.
 @ http://localhost:8083/SKYNovel_gallery/src/plugin/live2d_layer/Live2DLayer.ts?t=1787810361543:177
[  219832ms] [LOG] [CSM][W]Shader program is not initialized.
 @ http://localhost:8083/SKYNovel_gallery/src/plugin/live2d_layer/Live2DLayer.ts?t=1787810361543:177
[  219832ms] [LOG] [CSM][W]Shader program is not initialized.
 @ http://localhost:8083/SKYNovel_gallery/src/plugin/live2d_layer/Live2DLayer.ts?t=1787810361543:177
[  219832ms] [LOG] [CSM][W]Shader program is not initialized.
 @ http://localhost:8083/SKYNovel_gallery/src/plugin/live2d_layer/Live2DLayer.ts?t=1787810361543:177
[  219832ms] [LOG] [CSM][W]Shader program is not initialized.
 @ http://localhost:8083/SKYNovel_gallery/src/plugin/live2d_layer/Live2DLayer.ts?t=1787810361543:177
[  219832ms] [LOG] [CSM][W]Shader program is not initialized.
 @ http://localhost:8083/SKYNovel_gallery/src/plugin/live2d_layer/Live2DLayer.ts?t=1787810361543:177
[  219832ms] [LOG] [CSM][W]Shader program is not initialized.
 @ http://localhost:8083/SKYNovel_gallery/src/plugin/live2d_layer/Live2DLayer.ts?t=1787810361543:177
[  219832ms] [LOG] [CSM][W]Shader program is not initialized.
 @ http://localhost:8083/SKYNovel_gallery/src/plugin/live2d_layer/Live2DLayer.ts?t=1787810361543:177
[  219832ms] [LOG] [CSM][W]Shader program is not initialized.
 @ http://localhost:8083/SKYNovel_gallery/src/plugin/live2d_layer/Live2DLayer.ts?t=1787810361543:177
[  219832ms] [LOG] [CSM][W]Shader program is not initialized.
 @ http://localhost:8083/SKYNovel_gallery/src/plugin/live2d_layer/Live2DLayer.ts?t=1787810361543:177
[  219833ms] [LOG] [CSM][W]Shader program is not initialized.
 @ http://localhost:8083/SKYNovel_gallery/src/plugin/live2d_layer/Live2DLayer.ts?t=1787810361543:177
[  219833ms] [LOG] [CSM][W]Shader program is not initialized.
 @ http://localhost:8083/SKYNovel_gallery/src/plugin/live2d_layer/Live2DLayer.ts?t=1787810361543:177
[  219833ms] [LOG] [CSM][W]Shader program is not initialized.
 @ http://localhost:8083/SKYNovel_gallery/src/plugin/live2d_layer/Live2DLayer.ts?t=1787810361543:177
[  219833ms] [LOG] [CSM][W]Shader program is not initialized.
 @ http://localhost:8083/SKYNovel_gallery/src/plugin/live2d_layer/Live2DLayer.ts?t=1787810361543:177
[  219833ms] [LOG] [CSM][W]Shader program is not initialized.
 @ http://localhost:8083/SKYNovel_gallery/src/plugin/live2d_layer/Live2DLayer.ts?t=1787810361543:177
[  219833ms] [LOG] [CSM][W]Shader program is not initialized.
 @ http://localhost:8083/SKYNovel_gallery/src/plugin/live2d_layer/Live2DLayer.ts?t=1787810361543:177
[  219833ms] [LOG] [CSM][W]Shader program is not initialized.
 @ http://localhost:8083/SKYNovel_gallery/src/plugin/live2d_layer/Live2DLayer.ts?t=1787810361543:177
[  219833ms] [LOG] [CSM][W]Shader program is not initialized.
 @ http://localhost:8083/SKYNovel_gallery/src/plugin/live2d_layer/Live2DLayer.ts?t=1787810361543:177
[  219833ms] [LOG] [CSM][W]Shader program is not initialized.
 @ http://localhost:8083/SKYNovel_gallery/src/plugin/live2d_layer/Live2DLayer.ts?t=1787810361543:177
[  219833ms] [LOG] [CSM][W]Shader program is not initialized.
 @ http://localhost:8083/SKYNovel_gallery/src/plugin/live2d_layer/Live2DLayer.ts?t=1787810361543:177
[  219833ms] [LOG] [CSM][W]Shader program is not initialized.
 @ http://localhost:8083/SKYNovel_gallery/src/plugin/live2d_layer/Live2DLayer.ts?t=1787810361543:177
[  219833ms] [LOG] [CSM][W]Shader program is not initialized.
 @ http://localhost:8083/SKYNovel_gallery/src/plugin/live2d_layer/Live2DLayer.ts?t=1787810361543:177
[  219833ms] [LOG] [CSM][W]Shader program is not initialized.
 @ http://localhost:8083/SKYNovel_gallery/src/plugin/live2d_layer/Live2DLayer.ts?t=1787810361543:177
[  219833ms] [LOG] [CSM][W]Shader program is not initialized.
 @ http://localhost:8083/SKYNovel_gallery/src/plugin/live2d_layer/Live2DLayer.ts?t=1787810361543:177
[  219833ms] [LOG] [CSM][W]Shader program is not initialized.
 @ http://localhost:8083/SKYNovel_gallery/src/plugin/live2d_layer/Live2DLayer.ts?t=1787810361543:177
[  219833ms] [LOG] [CSM][W]Shader program is not initialized.
 @ http://localhost:8083/SKYNovel_gallery/src/plugin/live2d_layer/Live2DLayer.ts?t=1787810361543:177
[  219833ms] [LOG] [CSM][W]Shader program is not initialized.
 @ http://localhost:8083/SKYNovel_gallery/src/plugin/live2d_layer/Live2DLayer.ts?t=1787810361543:177
[  219833ms] [LOG] [CSM][W]Shader program is not initialized.
 @ http://localhost:8083/SKYNovel_gallery/src/plugin/live2d_layer/Live2DLayer.ts?t=1787810361543:177
[  219834ms] [LOG] [CSM][W]Shader program is not initialized.
 @ http://localhost:8083/SKYNovel_gallery/src/plugin/live2d_layer/Live2DLayer.ts?t=1787810361543:177
[  219834ms] [LOG] [CSM][W]Shader program is not initialized.
 @ http://localhost:8083/SKYNovel_gallery/src/plugin/live2d_layer/Live2DLayer.ts?t=1787810361543:177
[  219834ms] [LOG] [CSM][W]Shader program is not initialized.
 @ http://localhost:8083/SKYNovel_gallery/src/plugin/live2d_layer/Live2DLayer.ts?t=1787810361543:177
[  219834ms] [LOG] [CSM][W]Shader program is not initialized.
 @ http://localhost:8083/SKYNovel_gallery/src/plugin/live2d_layer/Live2DLayer.ts?t=1787810361543:177
[  219834ms] [LOG] [CSM][W]Shader program is not initialized.
 @ http://localhost:8083/SKYNovel_gallery/src/plugin/live2d_layer/Live2DLayer.ts?t=1787810361543:177
[  219834ms] [LOG] [CSM][W]Shader program is not initialized.
 @ http://localhost:8083/SKYNovel_gallery/src/plugin/live2d_layer/Live2DLayer.ts?t=1787810361543:177
[  219834ms] [LOG] [CSM][W]Shader program is not initialized.
 @ http://localhost:8083/SKYNovel_gallery/src/plugin/live2d_layer/Live2DLayer.ts?t=1787810361543:177
[  219834ms] [LOG] [CSM][W]Shader program is not initialized.
 @ http://localhost:8083/SKYNovel_gallery/src/plugin/live2d_layer/Live2DLayer.ts?t=1787810361543:177
[  219834ms] [LOG] [CSM][W]Shader program is not initialized.
 @ http://localhost:8083/SKYNovel_gallery/src/plugin/live2d_layer/Live2DLayer.ts?t=1787810361543:177
[  219834ms] [LOG] [CSM][W]Shader program is not initialized.
 @ http://localhost:8083/SKYNovel_gallery/src/plugin/live2d_layer/Live2DLayer.ts?t=1787810361543:177
[  219834ms] [LOG] [CSM][W]Shader program is not initialized.
 @ http://localhost:8083/SKYNovel_gallery/src/plugin/live2d_layer/Live2DLayer.ts?t=1787810361543:177
[  219834ms] [LOG] [CSM][W]Shader program is not initialized.
 @ http://localhost:8083/SKYNovel_gallery/src/plugin/live2d_layer/Live2DLayer.ts?t=1787810361543:177
[  219834ms] [LOG] [CSM][W]Shader program is not initialized.
 @ http://localhost:8083/SKYNovel_gallery/src/plugin/live2d_layer/Live2DLayer.ts?t=1787810361543:177
[  219834ms] [LOG] [CSM][W]Shader program is not initialized.
 @ http://localhost:8083/SKYNovel_gallery/src/plugin/live2d_layer/Live2DLayer.ts?t=1787810361543:177
[  219835ms] [LOG] [CSM][W]Shader program is not initialized.
 @ http://localhost:8083/SKYNovel_gallery/src/plugin/live2d_layer/Live2DLayer.ts?t=1787810361543:177
[  219835ms] [LOG] [CSM][W]Shader program is not initialized.
 @ http://localhost:8083/SKYNovel_gallery/src/plugin/live2d_layer/Live2DLayer.ts?t=1787810361543:177
[  219835ms] [LOG] [CSM][W]Shader program is not initialized.
 @ http://localhost:8083/SKYNovel_gallery/src/plugin/live2d_layer/Live2DLayer.ts?t=1787810361543:177
[  219835ms] [LOG] [CSM][W]Shader program is not initialized.
 @ http://localhost:8083/SKYNovel_gallery/src/plugin/live2d_layer/Live2DLayer.ts?t=1787810361543:177
[  219835ms] [LOG] [CSM][W]Shader program is not initialized.
 @ http://localhost:8083/SKYNovel_gallery/src/plugin/live2d_layer/Live2DLayer.ts?t=1787810361543:177
[  219835ms] [LOG] [CSM][W]Shader program is not initialized.
 @ http://localhost:8083/SKYNovel_gallery/src/plugin/live2d_layer/Live2DLayer.ts?t=1787810361543:177
[  219835ms] [LOG] [CSM][W]Shader program is not initialized.
 @ http://localhost:8083/SKYNovel_gallery/src/plugin/live2d_layer/Live2DLayer.ts?t=1787810361543:177
[  219835ms] [LOG] [CSM][W]Shader program is not initialized.
 @ http://localhost:8083/SKYNovel_gallery/src/plugin/live2d_layer/Live2DLayer.ts?t=1787810361543:177
[  219835ms] [LOG] [CSM][W]Shader program is not initialized.
 @ http://localhost:8083/SKYNovel_gallery/src/plugin/live2d_layer/Live2DLayer.ts?t=1787810361543:177
[  219835ms] [LOG] [CSM][W]Shader program is not initialized.
 @ http://localhost:8083/SKYNovel_gallery/src/plugin/live2d_layer/Live2DLayer.ts?t=1787810361543:177
[  219835ms] [LOG] [CSM][W]Shader program is not initialized.
 @ http://localhost:8083/SKYNovel_gallery/src/plugin/live2d_layer/Live2DLayer.ts?t=1787810361543:177
[  219835ms] [LOG] [CSM][W]Shader program is not initialized.
 @ http://localhost:8083/SKYNovel_gallery/src/plugin/live2d_layer/Live2DLayer.ts?t=1787810361543:177
[  219835ms] [LOG] [CSM][W]Shader program is not initialized.
 @ http://localhost:8083/SKYNovel_gallery/src/plugin/live2d_layer/Live2DLayer.ts?t=1787810361543:177
[  239034ms] [LOG] Live2D Cubism SDK Core Version 6.0.1 @ http://localhost:8083/SKYNovel_gallery/plugin_lib/live2dcubismcore.min.js:8
[  239173ms] [LOG] [CSM][W]Shader program is not initialized.
 @ http://localhost:8083/SKYNovel_gallery/src/plugin/live2d_layer/Live2DLayer.ts?t=1787810361543:177
[  239174ms] [LOG] [CSM][W]Shader program is not initialized.
 @ http://localhost:8083/SKYNovel_gallery/src/plugin/live2d_layer/Live2DLayer.ts?t=1787810361543:177
[  239174ms] [LOG] [CSM][W]Shader program is not initialized.
 @ http://localhost:8083/SKYNovel_gallery/src/plugin/live2d_layer/Live2DLayer.ts?t=1787810361543:177
[  239174ms] [LOG] [CSM][W]Shader program is not initialized.
 @ http://localhost:8083/SKYNovel_gallery/src/plugin/live2d_layer/Live2DLayer.ts?t=1787810361543:177
[  239174ms] [LOG] [CSM][W]Shader program is not initialized.
 @ http://localhost:8083/SKYNovel_gallery/src/plugin/live2d_layer/Live2DLayer.ts?t=1787810361543:177
[  239174ms] [LOG] [CSM][W]Shader program is not initialized.
 @ http://localhost:8083/SKYNovel_gallery/src/plugin/live2d_layer/Live2DLayer.ts?t=1787810361543:177
[  239174ms] [LOG] [CSM][W]Shader program is not initialized.
 @ http://localhost:8083/SKYNovel_gallery/src/plugin/live2d_layer/Live2DLayer.ts?t=1787810361543:177
[  239174ms] [LOG] [CSM][W]Shader program is not initialized.
 @ http://localhost:8083/SKYNovel_gallery/src/plugin/live2d_layer/Live2DLayer.ts?t=1787810361543:177
[  239174ms] [LOG] [CSM][W]Shader program is not initialized.
 @ http://localhost:8083/SKYNovel_gallery/src/plugin/live2d_layer/Live2DLayer.ts?t=1787810361543:177
[  239174ms] [LOG] [CSM][W]Shader program is not initialized.
 @ http://localhost:8083/SKYNovel_gallery/src/plugin/live2d_layer/Live2DLayer.ts?t=1787810361543:177
[  239174ms] [LOG] [CSM][W]Shader program is not initialized.
 @ http://localhost:8083/SKYNovel_gallery/src/plugin/live2d_layer/Live2DLayer.ts?t=1787810361543:177
[  239174ms] [LOG] [CSM][W]Shader program is not initialized.
 @ http://localhost:8083/SKYNovel_gallery/src/plugin/live2d_layer/Live2DLayer.ts?t=1787810361543:177
[  239174ms] [LOG] [CSM][W]Shader program is not initialized.
 @ http://localhost:8083/SKYNovel_gallery/src/plugin/live2d_layer/Live2DLayer.ts?t=1787810361543:177
[  239174ms] [LOG] [CSM][W]Shader program is not initialized.
 @ http://localhost:8083/SKYNovel_gallery/src/plugin/live2d_layer/Live2DLayer.ts?t=1787810361543:177
[  239174ms] [LOG] [CSM][W]Shader program is not initialized.
 @ http://localhost:8083/SKYNovel_gallery/src/plugin/live2d_layer/Live2DLayer.ts?t=1787810361543:177
[  239175ms] [LOG] [CSM][W]Shader program is not initialized.
 @ http://localhost:8083/SKYNovel_gallery/src/plugin/live2d_layer/Live2DLayer.ts?t=1787810361543:177
[  239175ms] [LOG] [CSM][W]Shader program is not initialized.
 @ http://localhost:8083/SKYNovel_gallery/src/plugin/live2d_layer/Live2DLayer.ts?t=1787810361543:177
[  239175ms] [LOG] [CSM][W]Shader program is not initialized.
 @ http://localhost:8083/SKYNovel_gallery/src/plugin/live2d_layer/Live2DLayer.ts?t=1787810361543:177
[  239175ms] [LOG] [CSM][W]Shader program is not initialized.
 @ http://localhost:8083/SKYNovel_gallery/src/plugin/live2d_layer/Live2DLayer.ts?t=1787810361543:177
[  239175ms] [LOG] [CSM][W]Shader program is not initialized.
 @ http://localhost:8083/SKYNovel_gallery/src/plugin/live2d_layer/Live2DLayer.ts?t=1787810361543:177
[  239175ms] [LOG] [CSM][W]Shader program is not initialized.
 @ http://localhost:8083/SKYNovel_gallery/src/plugin/live2d_layer/Live2DLayer.ts?t=1787810361543:177
[  239175ms] [LOG] [CSM][W]Shader program is not initialized.
 @ http://localhost:8083/SKYNovel_gallery/src/plugin/live2d_layer/Live2DLayer.ts?t=1787810361543:177
[  239175ms] [LOG] [CSM][W]Shader program is not initialized.
 @ http://localhost:8083/SKYNovel_gallery/src/plugin/live2d_layer/Live2DLayer.ts?t=1787810361543:177
[  239175ms] [LOG] [CSM][W]Shader program is not initialized.
 @ http://localhost:8083/SKYNovel_gallery/src/plugin/live2d_layer/Live2DLayer.ts?t=1787810361543:177
[  239175ms] [LOG] [CSM][W]Shader program is not initialized.
 @ http://localhost:8083/SKYNovel_gallery/src/plugin/live2d_layer/Live2DLayer.ts?t=1787810361543:177
[  239175ms] [LOG] [CSM][W]Shader program is not initialized.
 @ http://localhost:8083/SKYNovel_gallery/src/plugin/live2d_layer/Live2DLayer.ts?t=1787810361543:177
[  239175ms] [LOG] [CSM][W]Shader program is not initialized.
 @ http://localhost:8083/SKYNovel_gallery/src/plugin/live2d_layer/Live2DLayer.ts?t=1787810361543:177
[  239176ms] [LOG] [CSM][W]Shader program is not initialized.
 @ http://localhost:8083/SKYNovel_gallery/src/plugin/live2d_layer/Live2DLayer.ts?t=1787810361543:177
[  239176ms] [LOG] [CSM][W]Shader program is not initialized.
 @ http://localhost:8083/SKYNovel_gallery/src/plugin/live2d_layer/Live2DLayer.ts?t=1787810361543:177
[  239176ms] [LOG] [CSM][W]Shader program is not initialized.
 @ http://localhost:8083/SKYNovel_gallery/src/plugin/live2d_layer/Live2DLayer.ts?t=1787810361543:177
[  239176ms] [LOG] [CSM][W]Shader program is not initialized.
 @ http://localhost:8083/SKYNovel_gallery/src/plugin/live2d_layer/Live2DLayer.ts?t=1787810361543:177
[  239176ms] [LOG] [CSM][W]Shader program is not initialized.
 @ http://localhost:8083/SKYNovel_gallery/src/plugin/live2d_layer/Live2DLayer.ts?t=1787810361543:177
[  239176ms] [LOG] [CSM][W]Shader program is not initialized.
 @ http://localhost:8083/SKYNovel_gallery/src/plugin/live2d_layer/Live2DLayer.ts?t=1787810361543:177
[  239176ms] [LOG] [CSM][W]Shader program is not initialized.
 @ http://localhost:8083/SKYNovel_gallery/src/plugin/live2d_layer/Live2DLayer.ts?t=1787810361543:177
[  239176ms] [LOG] [CSM][W]Shader program is not initialized.
 @ http://localhost:8083/SKYNovel_gallery/src/plugin/live2d_layer/Live2DLayer.ts?t=1787810361543:177
[  239176ms] [LOG] [CSM][W]Shader program is not initialized.
 @ http://localhost:8083/SKYNovel_gallery/src/plugin/live2d_layer/Live2DLayer.ts?t=1787810361543:177
[  239176ms] [LOG] [CSM][W]Shader program is not initialized.
 @ http://localhost:8083/SKYNovel_gallery/src/plugin/live2d_layer/Live2DLayer.ts?t=1787810361543:177
[  239177ms] [LOG] [CSM][W]Shader program is not initialized.
 @ http://localhost:8083/SKYNovel_gallery/src/plugin/live2d_layer/Live2DLayer.ts?t=1787810361543:177
[  239177ms] [LOG] [CSM][W]Shader program is not initialized.
 @ http://localhost:8083/SKYNovel_gallery/src/plugin/live2d_layer/Live2DLayer.ts?t=1787810361543:177
[  239177ms] [LOG] [CSM][W]Shader program is not initialized.
 @ http://localhost:8083/SKYNovel_gallery/src/plugin/live2d_layer/Live2DLayer.ts?t=1787810361543:177
[  239177ms] [LOG] [CSM][W]Shader program is not initialized.
 @ http://localhost:8083/SKYNovel_gallery/src/plugin/live2d_layer/Live2DLayer.ts?t=1787810361543:177
[  239177ms] [LOG] [CSM][W]Shader program is not initialized.
 @ http://localhost:8083/SKYNovel_gallery/src/plugin/live2d_layer/Live2DLayer.ts?t=1787810361543:177
[  239177ms] [LOG] [CSM][W]Shader program is not initialized.
 @ http://localhost:8083/SKYNovel_gallery/src/plugin/live2d_layer/Live2DLayer.ts?t=1787810361543:177
[  239177ms] [LOG] [CSM][W]Shader program is not initialized.
 @ http://localhost:8083/SKYNovel_gallery/src/plugin/live2d_layer/Live2DLayer.ts?t=1787810361543:177
[  239177ms] [LOG] [CSM][W]Shader program is not initialized.
 @ http://localhost:8083/SKYNovel_gallery/src/plugin/live2d_layer/Live2DLayer.ts?t=1787810361543:177
[  239177ms] [LOG] [CSM][W]Shader program is not initialized.
 @ http://localhost:8083/SKYNovel_gallery/src/plugin/live2d_layer/Live2DLayer.ts?t=1787810361543:177
[  239177ms] [LOG] [CSM][W]Shader program is not initialized.
 @ http://localhost:8083/SKYNovel_gallery/src/plugin/live2d_layer/Live2DLayer.ts?t=1787810361543:177
[  239177ms] [LOG] [CSM][W]Shader program is not initialized.
 @ http://localhost:8083/SKYNovel_gallery/src/plugin/live2d_layer/Live2DLayer.ts?t=1787810361543:177
[  239177ms] [LOG] [CSM][W]Shader program is not initialized.
 @ http://localhost:8083/SKYNovel_gallery/src/plugin/live2d_layer/Live2DLayer.ts?t=1787810361543:177
[  239177ms] [LOG] [CSM][W]Shader program is not initialized.
 @ http://localhost:8083/SKYNovel_gallery/src/plugin/live2d_layer/Live2DLayer.ts?t=1787810361543:177
[  239177ms] [LOG] [CSM][W]Shader program is not initialized.
 @ http://localhost:8083/SKYNovel_gallery/src/plugin/live2d_layer/Live2DLayer.ts?t=1787810361543:177
[  239177ms] [LOG] [CSM][W]Shader program is not initialized.
 @ http://localhost:8083/SKYNovel_gallery/src/plugin/live2d_layer/Live2DLayer.ts?t=1787810361543:177
[  239177ms] [LOG] [CSM][W]Shader program is not initialized.
 @ http://localhost:8083/SKYNovel_gallery/src/plugin/live2d_layer/Live2DLayer.ts?t=1787810361543:177
[  239177ms] [LOG] [CSM][W]Shader program is not initialized.
 @ http://localhost:8083/SKYNovel_gallery/src/plugin/live2d_layer/Live2DLayer.ts?t=1787810361543:177
[  239178ms] [LOG] [CSM][W]Shader program is not initialized.
 @ http://localhost:8083/SKYNovel_gallery/src/plugin/live2d_layer/Live2DLayer.ts?t=1787810361543:177
[  239178ms] [LOG] [CSM][W]Shader program is not initialized.
 @ http://localhost:8083/SKYNovel_gallery/src/plugin/live2d_layer/Live2DLayer.ts?t=1787810361543:177
[  239178ms] [LOG] [CSM][W]Shader program is not initialized.
 @ http://localhost:8083/SKYNovel_gallery/src/plugin/live2d_layer/Live2DLayer.ts?t=1787810361543:177
[  239178ms] [LOG] [CSM][W]Shader program is not initialized.
 @ http://localhost:8083/SKYNovel_gallery/src/plugin/live2d_layer/Live2DLayer.ts?t=1787810361543:177
[  239178ms] [LOG] [CSM][W]Shader program is not initialized.
 @ http://localhost:8083/SKYNovel_gallery/src/plugin/live2d_layer/Live2DLayer.ts?t=1787810361543:177
[  239178ms] [LOG] [CSM][W]Shader program is not initialized.
 @ http://localhost:8083/SKYNovel_gallery/src/plugin/live2d_layer/Live2DLayer.ts?t=1787810361543:177
[  239178ms] [LOG] [CSM][W]Shader program is not initialized.
 @ http://localhost:8083/SKYNovel_gallery/src/plugin/live2d_layer/Live2DLayer.ts?t=1787810361543:177
[  239178ms] [LOG] [CSM][W]Shader program is not initialized.
 @ http://localhost:8083/SKYNovel_gallery/src/plugin/live2d_layer/Live2DLayer.ts?t=1787810361543:177
[  239178ms] [LOG] [CSM][W]Shader program is not initialized.
 @ http://localhost:8083/SKYNovel_gallery/src/plugin/live2d_layer/Live2DLayer.ts?t=1787810361543:177
[  239178ms] [LOG] [CSM][W]Shader program is not initialized.
 @ http://localhost:8083/SKYNovel_gallery/src/plugin/live2d_layer/Live2DLayer.ts?t=1787810361543:177
[  239178ms] [LOG] [CSM][W]Shader program is not initialized.
 @ http://localhost:8083/SKYNovel_gallery/src/plugin/live2d_layer/Live2DLayer.ts?t=1787810361543:177
[  239178ms] [LOG] [CSM][W]Shader program is not initialized.
 @ http://localhost:8083/SKYNovel_gallery/src/plugin/live2d_layer/Live2DLayer.ts?t=1787810361543:177
[  239178ms] [LOG] [CSM][W]Shader program is not initialized.
 @ http://localhost:8083/SKYNovel_gallery/src/plugin/live2d_layer/Live2DLayer.ts?t=1787810361543:177
[  239178ms] [LOG] [CSM][W]Shader program is not initialized.
 @ http://localhost:8083/SKYNovel_gallery/src/plugin/live2d_layer/Live2DLayer.ts?t=1787810361543:177
[  239178ms] [LOG] [CSM][W]Shader program is not initialized.
 @ http://localhost:8083/SKYNovel_gallery/src/plugin/live2d_layer/Live2DLayer.ts?t=1787810361543:177
[  239179ms] [LOG] [CSM][W]Shader program is not initialized.
 @ http://localhost:8083/SKYNovel_gallery/src/plugin/live2d_layer/Live2DLayer.ts?t=1787810361543:177
[  239179ms] [LOG] [CSM][W]Shader program is not initialized.
 @ http://localhost:8083/SKYNovel_gallery/src/plugin/live2d_layer/Live2DLayer.ts?t=1787810361543:177
[  239179ms] [LOG] [CSM][W]Shader program is not initialized.
 @ http://localhost:8083/SKYNovel_gallery/src/plugin/live2d_layer/Live2DLayer.ts?t=1787810361543:177
[  239179ms] [LOG] [CSM][W]Shader program is not initialized.
 @ http://localhost:8083/SKYNovel_gallery/src/plugin/live2d_layer/Live2DLayer.ts?t=1787810361543:177
[  239179ms] [LOG] [CSM][W]Shader program is not initialized.
 @ http://localhost:8083/SKYNovel_gallery/src/plugin/live2d_layer/Live2DLayer.ts?t=1787810361543:177
[  239179ms] [LOG] [CSM][W]Shader program is not initialized.
 @ http://localhost:8083/SKYNovel_gallery/src/plugin/live2d_layer/Live2DLayer.ts?t=1787810361543:177
[  239179ms] [LOG] [CSM][W]Shader program is not initialized.
 @ http://localhost:8083/SKYNovel_gallery/src/plugin/live2d_layer/Live2DLayer.ts?t=1787810361543:177
[  239179ms] [LOG] [CSM][W]Shader program is not initialized.
 @ http://localhost:8083/SKYNovel_gallery/src/plugin/live2d_layer/Live2DLayer.ts?t=1787810361543:177
[  239179ms] [LOG] [CSM][W]Shader program is not initialized.
 @ http://localhost:8083/SKYNovel_gallery/src/plugin/live2d_layer/Live2DLayer.ts?t=1787810361543:177
[  239179ms] [LOG] [CSM][W]Shader program is not initialized.
 @ http://localhost:8083/SKYNovel_gallery/src/plugin/live2d_layer/Live2DLayer.ts?t=1787810361543:177
[  239179ms] [LOG] [CSM][W]Shader program is not initialized.
 @ http://localhost:8083/SKYNovel_gallery/src/plugin/live2d_layer/Live2DLayer.ts?t=1787810361543:177
[  239179ms] [LOG] [CSM][W]Shader program is not initialized.
 @ http://localhost:8083/SKYNovel_gallery/src/plugin/live2d_layer/Live2DLayer.ts?t=1787810361543:177
[  239179ms] [LOG] [CSM][W]Shader program is not initialized.
 @ http://localhost:8083/SKYNovel_gallery/src/plugin/live2d_layer/Live2DLayer.ts?t=1787810361543:177
[  239179ms] [LOG] [CSM][W]Shader program is not initialized.
 @ http://localhost:8083/SKYNovel_gallery/src/plugin/live2d_layer/Live2DLayer.ts?t=1787810361543:177
[  239185ms] [LOG] [CSM][W]Shader program is not initialized.
 @ http://localhost:8083/SKYNovel_gallery/src/plugin/live2d_layer/Live2DLayer.ts?t=1787810361543:177
[  239185ms] [LOG] [CSM][W]Shader program is not initialized.
 @ http://localhost:8083/SKYNovel_gallery/src/plugin/live2d_layer/Live2DLayer.ts?t=1787810361543:177
[  239185ms] [LOG] [CSM][W]Shader program is not initialized.
 @ http://localhost:8083/SKYNovel_gallery/src/plugin/live2d_layer/Live2DLayer.ts?t=1787810361543:177
[  239185ms] [LOG] [CSM][W]Shader program is not initialized.
 @ http://localhost:8083/SKYNovel_gallery/src/plugin/live2d_layer/Live2DLayer.ts?t=1787810361543:177
[  239185ms] [LOG] [CSM][W]Shader program is not initialized.
 @ http://localhost:8083/SKYNovel_gallery/src/plugin/live2d_layer/Live2DLayer.ts?t=1787810361543:177
[  239185ms] [LOG] [CSM][W]Shader program is not initialized.
 @ http://localhost:8083/SKYNovel_gallery/src/plugin/live2d_layer/Live2DLayer.ts?t=1787810361543:177
[  239185ms] [LOG] [CSM][W]Shader program is not initialized.
 @ http://localhost:8083/SKYNovel_gallery/src/plugin/live2d_layer/Live2DLayer.ts?t=1787810361543:177
[  239185ms] [LOG] [CSM][W]Shader program is not initialized.
 @ http://localhost:8083/SKYNovel_gallery/src/plugin/live2d_layer/Live2DLayer.ts?t=1787810361543:177
[  239186ms] [LOG] [CSM][W]Shader program is not initialized.
 @ http://localhost:8083/SKYNovel_gallery/src/plugin/live2d_layer/Live2DLayer.ts?t=1787810361543:177
[  239186ms] [LOG] [CSM][W]Shader program is not initialized.
 @ http://localhost:8083/SKYNovel_gallery/src/plugin/live2d_layer/Live2DLayer.ts?t=1787810361543:177
[  239186ms] [LOG] [CSM][W]Shader program is not initialized.
 @ http://localhost:8083/SKYNovel_gallery/src/plugin/live2d_layer/Live2DLayer.ts?t=1787810361543:177
[  239186ms] [LOG] [CSM][W]Shader program is not initialized.
 @ http://localhost:8083/SKYNovel_gallery/src/plugin/live2d_layer/Live2DLayer.ts?t=1787810361543:177
[  239186ms] [LOG] [CSM][W]Shader program is not initialized.
 @ http://localhost:8083/SKYNovel_gallery/src/plugin/live2d_layer/Live2DLayer.ts?t=1787810361543:177
[  239186ms] [LOG] [CSM][W]Shader program is not initialized.
 @ http://localhost:8083/SKYNovel_gallery/src/plugin/live2d_layer/Live2DLayer.ts?t=1787810361543:177
[  239186ms] [LOG] [CSM][W]Shader program is not initialized.
 @ http://localhost:8083/SKYNovel_gallery/src/plugin/live2d_layer/Live2DLayer.ts?t=1787810361543:177
[  239186ms] [LOG] [CSM][W]Shader program is not initialized.
 @ http://localhost:8083/SKYNovel_gallery/src/plugin/live2d_layer/Live2DLayer.ts?t=1787810361543:177
[  239186ms] [LOG] [CSM][W]Shader program is not initialized.
 @ http://localhost:8083/SKYNovel_gallery/src/plugin/live2d_layer/Live2DLayer.ts?t=1787810361543:177
[  239186ms] [LOG] [CSM][W]Shader program is not initialized.
 @ http://localhost:8083/SKYNovel_gallery/src/plugin/live2d_layer/Live2DLayer.ts?t=1787810361543:177
[  239186ms] [LOG] [CSM][W]Shader program is not initialized.
 @ http://localhost:8083/SKYNovel_gallery/src/plugin/live2d_layer/Live2DLayer.ts?t=1787810361543:177
[  239186ms] [LOG] [CSM][W]Shader program is not initialized.
 @ http://localhost:8083/SKYNovel_gallery/src/plugin/live2d_layer/Live2DLayer.ts?t=1787810361543:177
[  239186ms] [LOG] [CSM][W]Shader program is not initialized.
 @ http://localhost:8083/SKYNovel_gallery/src/plugin/live2d_layer/Live2DLayer.ts?t=1787810361543:177
[  239186ms] [LOG] [CSM][W]Shader program is not initialized.
 @ http://localhost:8083/SKYNovel_gallery/src/plugin/live2d_layer/Live2DLayer.ts?t=1787810361543:177
[  239186ms] [LOG] [CSM][W]Shader program is not initialized.
 @ http://localhost:8083/SKYNovel_gallery/src/plugin/live2d_layer/Live2DLayer.ts?t=1787810361543:177
[  239186ms] [LOG] [CSM][W]Shader program is not initialized.
 @ http://localhost:8083/SKYNovel_gallery/src/plugin/live2d_layer/Live2DLayer.ts?t=1787810361543:177
[  239186ms] [LOG] [CSM][W]Shader program is not initialized.
 @ http://localhost:8083/SKYNovel_gallery/src/plugin/live2d_layer/Live2DLayer.ts?t=1787810361543:177
[  239186ms] [LOG] [CSM][W]Shader program is not initialized.
 @ http://localhost:8083/SKYNovel_gallery/src/plugin/live2d_layer/Live2DLayer.ts?t=1787810361543:177
[  239187ms] [LOG] [CSM][W]Shader program is not initialized.
 @ http://localhost:8083/SKYNovel_gallery/src/plugin/live2d_layer/Live2DLayer.ts?t=1787810361543:177
[  239187ms] [LOG] [CSM][W]Shader program is not initialized.
 @ http://localhost:8083/SKYNovel_gallery/src/plugin/live2d_layer/Live2DLayer.ts?t=1787810361543:177
[  239187ms] [LOG] [CSM][W]Shader program is not initialized.
 @ http://localhost:8083/SKYNovel_gallery/src/plugin/live2d_layer/Live2DLayer.ts?t=1787810361543:177
[  239187ms] [LOG] [CSM][W]Shader program is not initialized.
 @ http://localhost:8083/SKYNovel_gallery/src/plugin/live2d_layer/Live2DLayer.ts?t=1787810361543:177
[  239187ms] [LOG] [CSM][W]Shader program is not initialized.
 @ http://localhost:8083/SKYNovel_gallery/src/plugin/live2d_layer/Live2DLayer.ts?t=1787810361543:177
[  239187ms] [LOG] [CSM][W]Shader program is not initialized.
 @ http://localhost:8083/SKYNovel_gallery/src/plugin/live2d_layer/Live2DLayer.ts?t=1787810361543:177
[  239187ms] [LOG] [CSM][W]Shader program is not initialized.
 @ http://localhost:8083/SKYNovel_gallery/src/plugin/live2d_layer/Live2DLayer.ts?t=1787810361543:177
[  239187ms] [LOG] [CSM][W]Shader program is not initialized.
 @ http://localhost:8083/SKYNovel_gallery/src/plugin/live2d_layer/Live2DLayer.ts?t=1787810361543:177
[  239187ms] [LOG] [CSM][W]Shader program is not initialized.
 @ http://localhost:8083/SKYNovel_gallery/src/plugin/live2d_layer/Live2DLayer.ts?t=1787810361543:177
[  239187ms] [LOG] [CSM][W]Shader program is not initialized.
 @ http://localhost:8083/SKYNovel_gallery/src/plugin/live2d_layer/Live2DLayer.ts?t=1787810361543:177
[  239187ms] [LOG] [CSM][W]Shader program is not initialized.
 @ http://localhost:8083/SKYNovel_gallery/src/plugin/live2d_layer/Live2DLayer.ts?t=1787810361543:177
[  239187ms] [LOG] [CSM][W]Shader program is not initialized.
 @ http://localhost:8083/SKYNovel_gallery/src/plugin/live2d_layer/Live2DLayer.ts?t=1787810361543:177
[  239187ms] [LOG] [CSM][W]Shader program is not initialized.
 @ http://localhost:8083/SKYNovel_gallery/src/plugin/live2d_layer/Live2DLayer.ts?t=1787810361543:177
[  239187ms] [LOG] [CSM][W]Shader program is not initialized.
 @ http://localhost:8083/SKYNovel_gallery/src/plugin/live2d_layer/Live2DLayer.ts?t=1787810361543:177
[  239187ms] [LOG] [CSM][W]Shader program is not initialized.
 @ http://localhost:8083/SKYNovel_gallery/src/plugin/live2d_layer/Live2DLayer.ts?t=1787810361543:177
[  239187ms] [LOG] [CSM][W]Shader program is not initialized.
 @ http://localhost:8083/SKYNovel_gallery/src/plugin/live2d_layer/Live2DLayer.ts?t=1787810361543:177
[  239187ms] [LOG] [CSM][W]Shader program is not initialized.
 @ http://localhost:8083/SKYNovel_gallery/src/plugin/live2d_layer/Live2DLayer.ts?t=1787810361543:177
[  239187ms] [LOG] [CSM][W]Shader program is not initialized.
 @ http://localhost:8083/SKYNovel_gallery/src/plugin/live2d_layer/Live2DLayer.ts?t=1787810361543:177
[  239187ms] [LOG] [CSM][W]Shader program is not initialized.
 @ http://localhost:8083/SKYNovel_gallery/src/plugin/live2d_layer/Live2DLayer.ts?t=1787810361543:177
[  239188ms] [LOG] [CSM][W]Shader program is not initialized.
 @ http://localhost:8083/SKYNovel_gallery/src/plugin/live2d_layer/Live2DLayer.ts?t=1787810361543:177
[  239188ms] [LOG] [CSM][W]Shader program is not initialized.
 @ http://localhost:8083/SKYNovel_gallery/src/plugin/live2d_layer/Live2DLayer.ts?t=1787810361543:177
[  239188ms] [LOG] [CSM][W]Shader program is not initialized.
 @ http://localhost:8083/SKYNovel_gallery/src/plugin/live2d_layer/Live2DLayer.ts?t=1787810361543:177
[  239188ms] [LOG] [CSM][W]Shader program is not initialized.
 @ http://localhost:8083/SKYNovel_gallery/src/plugin/live2d_layer/Live2DLayer.ts?t=1787810361543:177
[  239188ms] [LOG] [CSM][W]Shader program is not initialized.
 @ http://localhost:8083/SKYNovel_gallery/src/plugin/live2d_layer/Live2DLayer.ts?t=1787810361543:177
[  239188ms] [LOG] [CSM][W]Shader program is not initialized.
 @ http://localhost:8083/SKYNovel_gallery/src/plugin/live2d_layer/Live2DLayer.ts?t=1787810361543:177
[  239188ms] [LOG] [CSM][W]Shader program is not initialized.
 @ http://localhost:8083/SKYNovel_gallery/src/plugin/live2d_layer/Live2DLayer.ts?t=1787810361543:177
[  239188ms] [LOG] [CSM][W]Shader program is not initialized.
 @ http://localhost:8083/SKYNovel_gallery/src/plugin/live2d_layer/Live2DLayer.ts?t=1787810361543:177
[  239188ms] [LOG] [CSM][W]Shader program is not initialized.
 @ http://localhost:8083/SKYNovel_gallery/src/plugin/live2d_layer/Live2DLayer.ts?t=1787810361543:177
[  239188ms] [LOG] [CSM][W]Shader program is not initialized.
 @ http://localhost:8083/SKYNovel_gallery/src/plugin/live2d_layer/Live2DLayer.ts?t=1787810361543:177
[  239188ms] [LOG] [CSM][W]Shader program is not initialized.
 @ http://localhost:8083/SKYNovel_gallery/src/plugin/live2d_layer/Live2DLayer.ts?t=1787810361543:177
[  239188ms] [LOG] [CSM][W]Shader program is not initialized.
 @ http://localhost:8083/SKYNovel_gallery/src/plugin/live2d_layer/Live2DLayer.ts?t=1787810361543:177
[  239188ms] [LOG] [CSM][W]Shader program is not initialized.
 @ http://localhost:8083/SKYNovel_gallery/src/plugin/live2d_layer/Live2DLayer.ts?t=1787810361543:177
[  239188ms] [LOG] [CSM][W]Shader program is not initialized.
 @ http://localhost:8083/SKYNovel_gallery/src/plugin/live2d_layer/Live2DLayer.ts?t=1787810361543:177
[  239188ms] [LOG] [CSM][W]Shader program is not initialized.
 @ http://localhost:8083/SKYNovel_gallery/src/plugin/live2d_layer/Live2DLayer.ts?t=1787810361543:177
[  239188ms] [LOG] [CSM][W]Shader program is not initialized.
 @ http://localhost:8083/SKYNovel_gallery/src/plugin/live2d_layer/Live2DLayer.ts?t=1787810361543:177
[  239188ms] [LOG] [CSM][W]Shader program is not initialized.
 @ http://localhost:8083/SKYNovel_gallery/src/plugin/live2d_layer/Live2DLayer.ts?t=1787810361543:177
[  239189ms] [LOG] [CSM][W]Shader program is not initialized.
 @ http://localhost:8083/SKYNovel_gallery/src/plugin/live2d_layer/Live2DLayer.ts?t=1787810361543:177
[  239189ms] [LOG] [CSM][W]Shader program is not initialized.
 @ http://localhost:8083/SKYNovel_gallery/src/plugin/live2d_layer/Live2DLayer.ts?t=1787810361543:177
[  239189ms] [LOG] [CSM][W]Shader program is not initialized.
 @ http://localhost:8083/SKYNovel_gallery/src/plugin/live2d_layer/Live2DLayer.ts?t=1787810361543:177
[  239189ms] [LOG] [CSM][W]Shader program is not initialized.
 @ http://localhost:8083/SKYNovel_gallery/src/plugin/live2d_layer/Live2DLayer.ts?t=1787810361543:177
[  239189ms] [LOG] [CSM][W]Shader program is not initialized.
 @ http://localhost:8083/SKYNovel_gallery/src/plugin/live2d_layer/Live2DLayer.ts?t=1787810361543:177
[  239189ms] [LOG] [CSM][W]Shader program is not initialized.
 @ http://localhost:8083/SKYNovel_gallery/src/plugin/live2d_layer/Live2DLayer.ts?t=1787810361543:177
[  239189ms] [LOG] [CSM][W]Shader program is not initialized.
 @ http://localhost:8083/SKYNovel_gallery/src/plugin/live2d_layer/Live2DLayer.ts?t=1787810361543:177
[  239189ms] [LOG] [CSM][W]Shader program is not initialized.
 @ http://localhost:8083/SKYNovel_gallery/src/plugin/live2d_layer/Live2DLayer.ts?t=1787810361543:177
[  239189ms] [LOG] [CSM][W]Shader program is not initialized.
 @ http://localhost:8083/SKYNovel_gallery/src/plugin/live2d_layer/Live2DLayer.ts?t=1787810361543:177
[  239189ms] [LOG] [CSM][W]Shader program is not initialized.
 @ http://localhost:8083/SKYNovel_gallery/src/plugin/live2d_layer/Live2DLayer.ts?t=1787810361543:177
[  239189ms] [LOG] [CSM][W]Shader program is not initialized.
 @ http://localhost:8083/SKYNovel_gallery/src/plugin/live2d_layer/Live2DLayer.ts?t=1787810361543:177
[  239189ms] [LOG] [CSM][W]Shader program is not initialized.
 @ http://localhost:8083/SKYNovel_gallery/src/plugin/live2d_layer/Live2DLayer.ts?t=1787810361543:177
[  239189ms] [LOG] [CSM][W]Shader program is not initialized.
 @ http://localhost:8083/SKYNovel_gallery/src/plugin/live2d_layer/Live2DLayer.ts?t=1787810361543:177
[  239189ms] [LOG] [CSM][W]Shader program is not initialized.
 @ http://localhost:8083/SKYNovel_gallery/src/plugin/live2d_layer/Live2DLayer.ts?t=1787810361543:177
[  239189ms] [LOG] [CSM][W]Shader program is not initialized.
 @ http://localhost:8083/SKYNovel_gallery/src/plugin/live2d_layer/Live2DLayer.ts?t=1787810361543:177
[  239189ms] [LOG] [CSM][W]Shader program is not initialized.
 @ http://localhost:8083/SKYNovel_gallery/src/plugin/live2d_layer/Live2DLayer.ts?t=1787810361543:177
[  239189ms] [LOG] [CSM][W]Shader program is not initialized.
 @ http://localhost:8083/SKYNovel_gallery/src/plugin/live2d_layer/Live2DLayer.ts?t=1787810361543:177
[  239189ms] [LOG] [CSM][W]Shader program is not initialized.
 @ http://localhost:8083/SKYNovel_gallery/src/plugin/live2d_layer/Live2DLayer.ts?t=1787810361543:177
[  239189ms] [LOG] [CSM][W]Shader program is not initialized.
 @ http://localhost:8083/SKYNovel_gallery/src/plugin/live2d_layer/Live2DLayer.ts?t=1787810361543:177
[  239190ms] [LOG] [CSM][W]Shader program is not initialized.
 @ http://localhost:8083/SKYNovel_gallery/src/plugin/live2d_layer/Live2DLayer.ts?t=1787810361543:177
[  239190ms] [LOG] [CSM][W]Shader program is not initialized.
 @ http://localhost:8083/SKYNovel_gallery/src/plugin/live2d_layer/Live2DLayer.ts?t=1787810361543:177
[  239193ms] [LOG] [CSM][W]Shader program is not initialized.
 @ http://localhost:8083/SKYNovel_gallery/src/plugin/live2d_layer/Live2DLayer.ts?t=1787810361543:177
[  239193ms] [LOG] [CSM][W]Shader program is not initialized.
 @ http://localhost:8083/SKYNovel_gallery/src/plugin/live2d_layer/Live2DLayer.ts?t=1787810361543:177
[  239193ms] [LOG] [CSM][W]Shader program is not initialized.
 @ http://localhost:8083/SKYNovel_gallery/src/plugin/live2d_layer/Live2DLayer.ts?t=1787810361543:177
[  239193ms] [LOG] [CSM][W]Shader program is not initialized.
 @ http://localhost:8083/SKYNovel_gallery/src/plugin/live2d_layer/Live2DLayer.ts?t=1787810361543:177
[  239193ms] [LOG] [CSM][W]Shader program is not initialized.
 @ http://localhost:8083/SKYNovel_gallery/src/plugin/live2d_layer/Live2DLayer.ts?t=1787810361543:177
[  239193ms] [LOG] [CSM][W]Shader program is not initialized.
 @ http://localhost:8083/SKYNovel_gallery/src/plugin/live2d_layer/Live2DLayer.ts?t=1787810361543:177
[  239193ms] [LOG] [CSM][W]Shader program is not initialized.
 @ http://localhost:8083/SKYNovel_gallery/src/plugin/live2d_layer/Live2DLayer.ts?t=1787810361543:177
[  239193ms] [LOG] [CSM][W]Shader program is not initialized.
 @ http://localhost:8083/SKYNovel_gallery/src/plugin/live2d_layer/Live2DLayer.ts?t=1787810361543:177
[  239193ms] [LOG] [CSM][W]Shader program is not initialized.
 @ http://localhost:8083/SKYNovel_gallery/src/plugin/live2d_layer/Live2DLayer.ts?t=1787810361543:177
[  239193ms] [LOG] [CSM][W]Shader program is not initialized.
 @ http://localhost:8083/SKYNovel_gallery/src/plugin/live2d_layer/Live2DLayer.ts?t=1787810361543:177
[  239193ms] [LOG] [CSM][W]Shader program is not initialized.
 @ http://localhost:8083/SKYNovel_gallery/src/plugin/live2d_layer/Live2DLayer.ts?t=1787810361543:177
[  239193ms] [LOG] [CSM][W]Shader program is not initialized.
 @ http://localhost:8083/SKYNovel_gallery/src/plugin/live2d_layer/Live2DLayer.ts?t=1787810361543:177
[  239194ms] [LOG] [CSM][W]Shader program is not initialized.
 @ http://localhost:8083/SKYNovel_gallery/src/plugin/live2d_layer/Live2DLayer.ts?t=1787810361543:177
[  239194ms] [LOG] [CSM][W]Shader program is not initialized.
 @ http://localhost:8083/SKYNovel_gallery/src/plugin/live2d_layer/Live2DLayer.ts?t=1787810361543:177
[  239194ms] [LOG] [CSM][W]Shader program is not initialized.
 @ http://localhost:8083/SKYNovel_gallery/src/plugin/live2d_layer/Live2DLayer.ts?t=1787810361543:177
[  239194ms] [LOG] [CSM][W]Shader program is not initialized.
 @ http://localhost:8083/SKYNovel_gallery/src/plugin/live2d_layer/Live2DLayer.ts?t=1787810361543:177
[  239194ms] [LOG] [CSM][W]Shader program is not initialized.
 @ http://localhost:8083/SKYNovel_gallery/src/plugin/live2d_layer/Live2DLayer.ts?t=1787810361543:177
[  239194ms] [LOG] [CSM][W]Shader program is not initialized.
 @ http://localhost:8083/SKYNovel_gallery/src/plugin/live2d_layer/Live2DLayer.ts?t=1787810361543:177
[  239194ms] [LOG] [CSM][W]Shader program is not initialized.
 @ http://localhost:8083/SKYNovel_gallery/src/plugin/live2d_layer/Live2DLayer.ts?t=1787810361543:177
[  239194ms] [LOG] [CSM][W]Shader program is not initialized.
 @ http://localhost:8083/SKYNovel_gallery/src/plugin/live2d_layer/Live2DLayer.ts?t=1787810361543:177
[  239194ms] [LOG] [CSM][W]Shader program is not initialized.
 @ http://localhost:8083/SKYNovel_gallery/src/plugin/live2d_layer/Live2DLayer.ts?t=1787810361543:177
[  239194ms] [LOG] [CSM][W]Shader program is not initialized.
 @ http://localhost:8083/SKYNovel_gallery/src/plugin/live2d_layer/Live2DLayer.ts?t=1787810361543:177
[  239194ms] [LOG] [CSM][W]Shader program is not initialized.
 @ http://localhost:8083/SKYNovel_gallery/src/plugin/live2d_layer/Live2DLayer.ts?t=1787810361543:177
[  239194ms] [LOG] [CSM][W]Shader program is not initialized.
 @ http://localhost:8083/SKYNovel_gallery/src/plugin/live2d_layer/Live2DLayer.ts?t=1787810361543:177
[  239195ms] [LOG] [CSM][W]Shader program is not initialized.
 @ http://localhost:8083/SKYNovel_gallery/src/plugin/live2d_layer/Live2DLayer.ts?t=1787810361543:177
[  239195ms] [LOG] [CSM][W]Shader program is not initialized.
 @ http://localhost:8083/SKYNovel_gallery/src/plugin/live2d_layer/Live2DLayer.ts?t=1787810361543:177
[  239195ms] [LOG] [CSM][W]Shader program is not initialized.
 @ http://localhost:8083/SKYNovel_gallery/src/plugin/live2d_layer/Live2DLayer.ts?t=1787810361543:177
[  239195ms] [LOG] [CSM][W]Shader program is not initialized.
 @ http://localhost:8083/SKYNovel_gallery/src/plugin/live2d_layer/Live2DLayer.ts?t=1787810361543:177
[  239195ms] [LOG] [CSM][W]Shader program is not initialized.
 @ http://localhost:8083/SKYNovel_gallery/src/plugin/live2d_layer/Live2DLayer.ts?t=1787810361543:177
[  239195ms] [LOG] [CSM][W]Shader program is not initialized.
 @ http://localhost:8083/SKYNovel_gallery/src/plugin/live2d_layer/Live2DLayer.ts?t=1787810361543:177
[  239195ms] [LOG] [CSM][W]Shader program is not initialized.
 @ http://localhost:8083/SKYNovel_gallery/src/plugin/live2d_layer/Live2DLayer.ts?t=1787810361543:177
[  239195ms] [LOG] [CSM][W]Shader program is not initialized.
 @ http://localhost:8083/SKYNovel_gallery/src/plugin/live2d_layer/Live2DLayer.ts?t=1787810361543:177
[  239195ms] [LOG] [CSM][W]Shader program is not initialized.
 @ http://localhost:8083/SKYNovel_gallery/src/plugin/live2d_layer/Live2DLayer.ts?t=1787810361543:177
[  239195ms] [LOG] [CSM][W]Shader program is not initialized.
 @ http://localhost:8083/SKYNovel_gallery/src/plugin/live2d_layer/Live2DLayer.ts?t=1787810361543:177
[  239195ms] [LOG] [CSM][W]Shader program is not initialized.
 @ http://localhost:8083/SKYNovel_gallery/src/plugin/live2d_layer/Live2DLayer.ts?t=1787810361543:177
[  239195ms] [LOG] [CSM][W]Shader program is not initialized.
 @ http://localhost:8083/SKYNovel_gallery/src/plugin/live2d_layer/Live2DLayer.ts?t=1787810361543:177
[  239195ms] [LOG] [CSM][W]Shader program is not initialized.
 @ http://localhost:8083/SKYNovel_gallery/src/plugin/live2d_layer/Live2DLayer.ts?t=1787810361543:177
[  239195ms] [LOG] [CSM][W]Shader program is not initialized.
 @ http://localhost:8083/SKYNovel_gallery/src/plugin/live2d_layer/Live2DLayer.ts?t=1787810361543:177
[  239195ms] [LOG] [CSM][W]Shader program is not initialized.
 @ http://localhost:8083/SKYNovel_gallery/src/plugin/live2d_layer/Live2DLayer.ts?t=1787810361543:177
[  239195ms] [LOG] [CSM][W]Shader program is not initialized.
 @ http://localhost:8083/SKYNovel_gallery/src/plugin/live2d_layer/Live2DLayer.ts?t=1787810361543:177
[  239196ms] [LOG] [CSM][W]Shader program is not initialized.
 @ http://localhost:8083/SKYNovel_gallery/src/plugin/live2d_layer/Live2DLayer.ts?t=1787810361543:177
[  239196ms] [LOG] [CSM][W]Shader program is not initialized.
 @ http://localhost:8083/SKYNovel_gallery/src/plugin/live2d_layer/Live2DLayer.ts?t=1787810361543:177
[  239196ms] [LOG] [CSM][W]Shader program is not initialized.
 @ http://localhost:8083/SKYNovel_gallery/src/plugin/live2d_layer/Live2DLayer.ts?t=1787810361543:177
[  239196ms] [LOG] [CSM][W]Shader program is not initialized.
 @ http://localhost:8083/SKYNovel_gallery/src/plugin/live2d_layer/Live2DLayer.ts?t=1787810361543:177
[  239196ms] [LOG] [CSM][W]Shader program is not initialized.
 @ http://localhost:8083/SKYNovel_gallery/src/plugin/live2d_layer/Live2DLayer.ts?t=1787810361543:177
[  239196ms] [LOG] [CSM][W]Shader program is not initialized.
 @ http://localhost:8083/SKYNovel_gallery/src/plugin/live2d_layer/Live2DLayer.ts?t=1787810361543:177
[  239196ms] [LOG] [CSM][W]Shader program is not initialized.
 @ http://localhost:8083/SKYNovel_gallery/src/plugin/live2d_layer/Live2DLayer.ts?t=1787810361543:177
[  239196ms] [LOG] [CSM][W]Shader program is not initialized.
 @ http://localhost:8083/SKYNovel_gallery/src/plugin/live2d_layer/Live2DLayer.ts?t=1787810361543:177
[  239196ms] [LOG] [CSM][W]Shader program is not initialized.
 @ http://localhost:8083/SKYNovel_gallery/src/plugin/live2d_layer/Live2DLayer.ts?t=1787810361543:177
[  239196ms] [LOG] [CSM][W]Shader program is not initialized.
 @ http://localhost:8083/SKYNovel_gallery/src/plugin/live2d_layer/Live2DLayer.ts?t=1787810361543:177
[  239196ms] [LOG] [CSM][W]Shader program is not initialized.
 @ http://localhost:8083/SKYNovel_gallery/src/plugin/live2d_layer/Live2DLayer.ts?t=1787810361543:177
[  239196ms] [LOG] [CSM][W]Shader program is not initialized.
 @ http://localhost:8083/SKYNovel_gallery/src/plugin/live2d_layer/Live2DLayer.ts?t=1787810361543:177
[  239196ms] [LOG] [CSM][W]Shader program is not initialized.
 @ http://localhost:8083/SKYNovel_gallery/src/plugin/live2d_layer/Live2DLayer.ts?t=1787810361543:177
[  239196ms] [LOG] [CSM][W]Shader program is not initialized.
 @ http://localhost:8083/SKYNovel_gallery/src/plugin/live2d_layer/Live2DLayer.ts?t=1787810361543:177
[  239196ms] [LOG] [CSM][W]Shader program is not initialized.
 @ http://localhost:8083/SKYNovel_gallery/src/plugin/live2d_layer/Live2DLayer.ts?t=1787810361543:177
[  239197ms] [LOG] [CSM][W]Shader program is not initialized.
 @ http://localhost:8083/SKYNovel_gallery/src/plugin/live2d_layer/Live2DLayer.ts?t=1787810361543:177
[  239197ms] [LOG] [CSM][W]Shader program is not initialized.
 @ http://localhost:8083/SKYNovel_gallery/src/plugin/live2d_layer/Live2DLayer.ts?t=1787810361543:177
[  239197ms] [LOG] [CSM][W]Shader program is not initialized.
 @ http://localhost:8083/SKYNovel_gallery/src/plugin/live2d_layer/Live2DLayer.ts?t=1787810361543:177
[  239197ms] [LOG] [CSM][W]Shader program is not initialized.
 @ http://localhost:8083/SKYNovel_gallery/src/plugin/live2d_layer/Live2DLayer.ts?t=1787810361543:177
[  239197ms] [LOG] [CSM][W]Shader program is not initialized.
 @ http://localhost:8083/SKYNovel_gallery/src/plugin/live2d_layer/Live2DLayer.ts?t=1787810361543:177
[  239197ms] [LOG] [CSM][W]Shader program is not initialized.
 @ http://localhost:8083/SKYNovel_gallery/src/plugin/live2d_layer/Live2DLayer.ts?t=1787810361543:177
[  239197ms] [LOG] [CSM][W]Shader program is not initialized.
 @ http://localhost:8083/SKYNovel_gallery/src/plugin/live2d_layer/Live2DLayer.ts?t=1787810361543:177
[  239197ms] [LOG] [CSM][W]Shader program is not initialized.
 @ http://localhost:8083/SKYNovel_gallery/src/plugin/live2d_layer/Live2DLayer.ts?t=1787810361543:177
[  239197ms] [LOG] [CSM][W]Shader program is not initialized.
 @ http://localhost:8083/SKYNovel_gallery/src/plugin/live2d_layer/Live2DLayer.ts?t=1787810361543:177
[  239197ms] [LOG] [CSM][W]Shader program is not initialized.
 @ http://localhost:8083/SKYNovel_gallery/src/plugin/live2d_layer/Live2DLayer.ts?t=1787810361543:177
[  239197ms] [LOG] [CSM][W]Shader program is not initialized.
 @ http://localhost:8083/SKYNovel_gallery/src/plugin/live2d_layer/Live2DLayer.ts?t=1787810361543:177
[  239197ms] [LOG] [CSM][W]Shader program is not initialized.
 @ http://localhost:8083/SKYNovel_gallery/src/plugin/live2d_layer/Live2DLayer.ts?t=1787810361543:177
[  239197ms] [LOG] [CSM][W]Shader program is not initialized.
 @ http://localhost:8083/SKYNovel_gallery/src/plugin/live2d_layer/Live2DLayer.ts?t=1787810361543:177
[  239198ms] [LOG] [CSM][W]Shader program is not initialized.
 @ http://localhost:8083/SKYNovel_gallery/src/plugin/live2d_layer/Live2DLayer.ts?t=1787810361543:177
[  239198ms] [LOG] [CSM][W]Shader program is not initialized.
 @ http://localhost:8083/SKYNovel_gallery/src/plugin/live2d_layer/Live2DLayer.ts?t=1787810361543:177
[  239198ms] [LOG] [CSM][W]Shader program is not initialized.
 @ http://localhost:8083/SKYNovel_gallery/src/plugin/live2d_layer/Live2DLayer.ts?t=1787810361543:177
[  239198ms] [LOG] [CSM][W]Shader program is not initialized.
 @ http://localhost:8083/SKYNovel_gallery/src/plugin/live2d_layer/Live2DLayer.ts?t=1787810361543:177
[  239198ms] [LOG] [CSM][W]Shader program is not initialized.
 @ http://localhost:8083/SKYNovel_gallery/src/plugin/live2d_layer/Live2DLayer.ts?t=1787810361543:177
[  239198ms] [LOG] [CSM][W]Shader program is not initialized.
 @ http://localhost:8083/SKYNovel_gallery/src/plugin/live2d_layer/Live2DLayer.ts?t=1787810361543:177
[  239198ms] [LOG] [CSM][W]Shader program is not initialized.
 @ http://localhost:8083/SKYNovel_gallery/src/plugin/live2d_layer/Live2DLayer.ts?t=1787810361543:177
[  239198ms] [LOG] [CSM][W]Shader program is not initialized.
 @ http://localhost:8083/SKYNovel_gallery/src/plugin/live2d_layer/Live2DLayer.ts?t=1787810361543:177
[  239198ms] [LOG] [CSM][W]Shader program is not initialized.
 @ http://localhost:8083/SKYNovel_gallery/src/plugin/live2d_layer/Live2DLayer.ts?t=1787810361543:177
[  239198ms] [LOG] [CSM][W]Shader program is not initialized.
 @ http://localhost:8083/SKYNovel_gallery/src/plugin/live2d_layer/Live2DLayer.ts?t=1787810361543:177
[  239198ms] [LOG] [CSM][W]Shader program is not initialized.
 @ http://localhost:8083/SKYNovel_gallery/src/plugin/live2d_layer/Live2DLayer.ts?t=1787810361543:177
[  239198ms] [LOG] [CSM][W]Shader program is not initialized.
 @ http://localhost:8083/SKYNovel_gallery/src/plugin/live2d_layer/Live2DLayer.ts?t=1787810361543:177
[  239198ms] [LOG] [CSM][W]Shader program is not initialized.
 @ http://localhost:8083/SKYNovel_gallery/src/plugin/live2d_layer/Live2DLayer.ts?t=1787810361543:177
[  239198ms] [LOG] [CSM][W]Shader program is not initialized.
 @ http://localhost:8083/SKYNovel_gallery/src/plugin/live2d_layer/Live2DLayer.ts?t=1787810361543:177
[  239198ms] [LOG] [CSM][W]Shader program is not initialized.
 @ http://localhost:8083/SKYNovel_gallery/src/plugin/live2d_layer/Live2DLayer.ts?t=1787810361543:177
